// Jest Snapshot v1, https://goo.gl/fbAQLP

exports[`StyledButton should render StyledButton component 1`] = `
<div
  class="styles__Wrapper-sc-1kbw77o-0 dMFUQj"
>
  <div
    class="MuiPaper-root MuiPaper-elevation MuiPaper-rounded MuiPaper-elevation1 MuiAccordion-root MuiAccordion-rounded MuiAccordion-gutters css-1elwnq4-MuiPaper-root-MuiAccordion-root"
    id="accordion-component"
  >
    <div
      aria-controls="panel1bh-content"
      aria-expanded="false"
      class="MuiButtonBase-root MuiAccordionSummary-root MuiAccordionSummary-gutters css-sh22l5-MuiButtonBase-root-MuiAccordionSummary-root"
      data-test-id="Test"
      id="panel1bh-header"
      role="button"
      tabindex="0"
    >
      <div
        class="MuiAccordionSummary-content MuiAccordionSummary-contentGutters css-o4b71y-MuiAccordionSummary-content"
      >
        <span
          class="MuiTypography-root MuiTypography-body1 css-1m4ljmh-MuiTypography-root"
        >
          <div>
            Test
          </div>
        </span>
      </div>
      <div
        class="MuiAccordionSummary-expandIconWrapper css-yw020d-MuiAccordionSummary-expandIconWrapper"
      >
        <svg
          aria-hidden="true"
          class="MuiSvgIcon-root MuiSvgIcon-fontSizeMedium css-i4bv87-MuiSvgIcon-root"
          data-testid="ExpandMoreIcon"
          focusable="false"
          viewBox="0 0 24 24"
        >
          <path
            d="M16.59 8.59 12 13.17 7.41 8.59 6 10l6 6 6-6z"
          />
        </svg>
      </div>
    </div>
    <div
      class="MuiCollapse-root MuiCollapse-vertical MuiCollapse-hidden css-bz4dnt-MuiCollapse-root"
      style="min-height: 0px;"
    >
      <div
        class="MuiCollapse-wrapper MuiCollapse-vertical css-smkl36-MuiCollapse-wrapper"
      >
        <div
          class="MuiCollapse-wrapperInner MuiCollapse-vertical css-9l5vo-MuiCollapse-wrapperInner"
        >
          <div
            aria-labelledby="panel1bh-header"
            class="MuiAccordion-region"
            id="panel1bh-content"
            role="region"
          >
            <div
              class="MuiAccordionDetails-root css-15v22id-MuiAccordionDetails-root"
            >
              <span
                class="MuiTypography-root MuiTypography-body1 css-ahj2mt-MuiTypography-root"
              >
                <div
                  data-test-id="Test-content"
                  style="font-weight: 300; color: rgb(255, 255, 255);"
                >
                  test
                </div>
              </span>
            </div>
          </div>
        </div>
      </div>
    </div>
  </div>
</div>
`;
