// Jest Snapshot v1, https://goo.gl/fbAQLP

exports[`CategoryPage should render CategoryPage component 1`] = `
.c8 {
  margin-top: -10px;
  display: inline-block;
  float: right;
}

.c8 svg {
  overflow: visible;
}

.c1 {
  margin-top: 80px;
  width: 70vw;
  position: absolute;
  right: 0;
}

.c1 svg {
  right: 0;
  overflow: visible;
}

.c5 {
  width: 320px;
  height: 70px;
  font-size: 30px;
  border: 1px solid white;
  color: white;
  display: -webkit-box;
  display: -webkit-flex;
  display: -ms-flexbox;
  display: flex;
  -webkit-align-items: center;
  -webkit-box-align: center;
  -ms-flex-align: center;
  align-items: center;
  padding: 0 12px 0 12px;
  margin-bottom: 10px;
  -webkit-transition: 0.3s;
  transition: 0.3s;
}

.c5 span {
  margin: 0 auto 0 10px;
}

.c5 svg.MuiSvgIcon-root {
  font-size: 20px;
}

.c5:hover {
  background: rgb(255,255,255,0.1);
}

.c4 {
  padding-top: 12px;
  font: 300 19px poppins,sans-serif;
}

.c4 svg.MuiSvgIcon-root {
  font-size: 12px;
  margin-left: 10px;
}

.c4 a {
  color: inherit;
}

.c4 a:hover {
  border-bottom: 1px solid white;
}

.c6 {
  font-size: 17px;
  display: block;
  color: inherit;
  margin-left: -10px;
}

.c6 img {
  margin-left: 10px !important;
}

.c6:hover {
  color: inherit;
  -webkit-text-decoration: underline;
  text-decoration: underline;
}

.c0 {
  width: 100%;
  display: -webkit-box;
  display: -webkit-flex;
  display: -ms-flexbox;
  display: flex;
  position: relative;
}

.c0 .MuiGrid-container {
  padding-left: 90px;
}

.c0 .grid-wrapper {
  position: relative;
  width: 100%;
  float: left;
  margin-bottom: 50px;
}

.c0 .grid-wrapper .MuiGrid-container {
  text-align: left;
  width: 790px;
  margin: auto;
  margin-top: 40px;
}

.c0 .categories-grid {
  display: -webkit-box;
  display: -webkit-flex;
  display: -ms-flexbox;
  display: flex;
}

.c0 .categories-grid span {
  padding-right: 20px;
}

.c0 img.background {
  opacity: 0.12;
  position: absolute;
  top: -80px;
  left: -300px;
}

.c0 .title {
  font-size: 32px;
}

.c0 .subheader {
  font-size: 32px;
  font-weight: 700;
  text-align: left;
  display: inline-block;
  vertical-align: middle;
  margin: 100px 0 20px 0;
}

.c0 .small-screen .subheader-mobile,
.c0 .mobile-category {
  display: none;
}

.c7 {
  font-size: 90px;
  margin-bottom: 20px;
  font-weight: 700;
  text-align: left;
  display: inline-block;
  vertical-align: middle;
  padding-right: 30px;
}

.c2 {
  width: 210px;
  font-size: 52px;
  font-weight: 700;
  text-align: left;
  padding-right: 20px;
  vertical-align: middle;
  display: inline-block;
  margin: 20px 0 20px 0;
}

.c3 {
  background: white;
  margin: 0;
  width: 20px;
  border-width: 5px;
  margin-bottom: 15px;
}

@media screen and (max-width:1000px) {
  .c8 {
    display: none;
  }
}

@media screen and (min-width:1000px) {
  .c1 {
    display: none;
  }
}

@media screen and (max-width:1000px) {
  .c4 {
    font-size: 18px;
  }
}

@media screen and (max-width:1000px) {
  .c0 {
    text-align: left;
  }

  .c0 .mobile-category {
    display: block;
    margin: auto;
  }

  .c0 .grid-wrapper {
    display: -webkit-box;
    display: -webkit-flex;
    display: -ms-flexbox;
    display: flex;
    -webkit-box-pack: center;
    -webkit-justify-content: center;
    -ms-flex-pack: center;
    justify-content: center;
    -webkit-align-items: center;
    -webkit-box-align: center;
    -ms-flex-align: center;
    align-items: center;
  }

  .c0 .first-row-wrapper {
    display: -webkit-box;
    display: -webkit-flex;
    display: -ms-flexbox;
    display: flex;
    -webkit-flex-direction: row;
    -ms-flex-direction: row;
    flex-direction: row;
    -webkit-box-pack: start;
    -webkit-justify-content: flex-start;
    -ms-flex-pack: start;
    justify-content: flex-start;
    margin-bottom: 50px;
  }

  .c0 .first-row-wrapper div:first-child {
    padding-right: 50px;
  }

  .c0 .category-icon {
    width: 64px;
    height: 64px;
  }

  .c0 .title {
    font-size: 30px;
  }

  .c0 .subheader-mobile {
    font-size: 32px;
    font-weight: 700;
    text-align: left;
    display: inline-block;
    vertical-align: middle;
    margin: 50px 0 20px 0;
  }

  .c0 img.background,
  .c0 .desktop-grid,
  .c0 .large-screen {
    display: none;
  }
}

<div
  class="c0"
>
  <img
    alt="DevOps"
    class="background"
    height="650"
    src="devops.svg"
    width="650"
  />
  <div
    class="c1"
  >
    <svg
      viewBox="0 0 700 700"
    >
      <g
        transform="translate(700 700)"
      >
        <path
          class="arc"
          d="M3.6739403974420595e-14,600A600,600,0,1,1,-1.1021821192326178e-13,-600L0,0Z"
          fill="rgba(255,255,255,0.05"
        />
        <path
          class="arc"
          d="M2.4492935982947064e-14,400A400,400,0,1,1,-7.347880794884119e-14,-400L0,0Z"
          fill="rgba(255,255,255,0.05"
        />
        <path
          class="arc"
          d="M1.2246467991473532e-14,200A200,200,0,1,1,-3.6739403974420595e-14,-200L0,0Z"
          fill="rgba(255,255,255,0.05"
        />
      </g>
    </svg>
  </div>
  <div
    class="grid-wrapper"
  >
    <div
      class="mobile-category"
    >
      <div
        class="c2"
      >
        DevOps
      </div>
      <img
        alt="DevOps"
        class="category-icon"
        height="126"
        src="devops.svg"
        width="126"
      />
      <div
        class="first-row-wrapper"
      >
        <div>
          <hr
            class="c3"
          />
          <div
            class="title"
          >
            Preferred
          </div>
          <div
            class="c4"
          >
            <a
              data-test-id="category-item-GitHub"
              href="/technology/devops/github"
            >
              GitHub
            </a>
            <svg
              aria-hidden="true"
              class="MuiSvgIcon-root"
              focusable="false"
              viewBox="0 0 24 24"
            >
              <path
                d="M5.88 4.12L13.76 12l-7.88 7.88L8 22l10-10L8 2z"
              />
            </svg>
          </div>
          <div
            class="c4"
          >
            <a
              data-test-id="category-item-CircleCI"
              href="/technology/devops/circleci"
            >
              CircleCI
            </a>
            <svg
              aria-hidden="true"
              class="MuiSvgIcon-root"
              focusable="false"
              viewBox="0 0 24 24"
            >
              <path
                d="M5.88 4.12L13.76 12l-7.88 7.88L8 22l10-10L8 2z"
              />
            </svg>
          </div>
          <div
            class="c4"
          >
            <a
              data-test-id="category-item-Terraform"
              href="/technology/devops/terraform"
            >
              Terraform
            </a>
            <svg
              aria-hidden="true"
              class="MuiSvgIcon-root"
              focusable="false"
              viewBox="0 0 24 24"
            >
              <path
                d="M5.88 4.12L13.76 12l-7.88 7.88L8 22l10-10L8 2z"
              />
            </svg>
          </div>
          <div
            class="c4"
          >
            <a
              data-test-id="category-item-Vault"
              href="/technology/devops/vault"
            >
              Vault
            </a>
            <svg
              aria-hidden="true"
              class="MuiSvgIcon-root"
              focusable="false"
              viewBox="0 0 24 24"
            >
              <path
                d="M5.88 4.12L13.76 12l-7.88 7.88L8 22l10-10L8 2z"
              />
            </svg>
          </div>
          <div
            class="c4"
          >
            <a
              data-test-id="category-item-SonarQube"
              href="/technology/devops/sonarqube"
            >
              SonarQube
            </a>
            <svg
              aria-hidden="true"
              class="MuiSvgIcon-root"
              focusable="false"
              viewBox="0 0 24 24"
            >
              <path
                d="M5.88 4.12L13.76 12l-7.88 7.88L8 22l10-10L8 2z"
              />
            </svg>
          </div>
          <div
            class="c4"
          >
            <a
              data-test-id="category-item-Elastic"
              href="/technology/devops/elastic"
            >
              Elastic
            </a>
            <svg
              aria-hidden="true"
              class="MuiSvgIcon-root"
              focusable="false"
              viewBox="0 0 24 24"
            >
              <path
                d="M5.88 4.12L13.76 12l-7.88 7.88L8 22l10-10L8 2z"
              />
            </svg>
          </div>
        </div>
        <div>
          <hr
            class="c3"
          />
          <div
            class="title"
          >
            Skilled
          </div>
          <div
            class="c4"
          >
            <a
              data-test-id="category-item-Bitbucket"
              href="/technology/devops/bitbucket"
            >
              Bitbucket
            </a>
            <svg
              aria-hidden="true"
              class="MuiSvgIcon-root"
              focusable="false"
              viewBox="0 0 24 24"
            >
              <path
                d="M5.88 4.12L13.76 12l-7.88 7.88L8 22l10-10L8 2z"
              />
            </svg>
          </div>
          <div
            class="c4"
          >
            <a
              data-test-id="category-item-Jenkins"
              href="/technology/devops/jenkins"
            >
              Jenkins
            </a>
            <svg
              aria-hidden="true"
              class="MuiSvgIcon-root"
              focusable="false"
              viewBox="0 0 24 24"
            >
              <path
                d="M5.88 4.12L13.76 12l-7.88 7.88L8 22l10-10L8 2z"
              />
            </svg>
          </div>
          <div
            class="c4"
          >
            <a
              data-test-id="category-item-TeamCity"
              href="/technology/devops/teamcity"
            >
              TeamCity
            </a>
            <svg
              aria-hidden="true"
              class="MuiSvgIcon-root"
              focusable="false"
              viewBox="0 0 24 24"
            >
              <path
                d="M5.88 4.12L13.76 12l-7.88 7.88L8 22l10-10L8 2z"
              />
            </svg>
          </div>
          <div
            class="c4"
          >
            <a
              data-test-id="category-item-Ansible"
              href="/technology/devops/ansible"
            >
              Ansible
            </a>
            <svg
              aria-hidden="true"
              class="MuiSvgIcon-root"
              focusable="false"
              viewBox="0 0 24 24"
            >
              <path
                d="M5.88 4.12L13.76 12l-7.88 7.88L8 22l10-10L8 2z"
              />
            </svg>
          </div>
          <div
            class="c4"
          >
            <a
              data-test-id="category-item-Packer"
              href="/technology/devops/packer"
            >
              Packer
            </a>
            <svg
              aria-hidden="true"
              class="MuiSvgIcon-root"
              focusable="false"
              viewBox="0 0 24 24"
            >
              <path
                d="M5.88 4.12L13.76 12l-7.88 7.88L8 22l10-10L8 2z"
              />
            </svg>
          </div>
          <div
            class="c4"
          >
            <a
              data-test-id="category-item-Docker"
              href="/technology/devops/docker"
            >
              Docker
            </a>
            <svg
              aria-hidden="true"
              class="MuiSvgIcon-root"
              focusable="false"
              viewBox="0 0 24 24"
            >
              <path
                d="M5.88 4.12L13.76 12l-7.88 7.88L8 22l10-10L8 2z"
              />
            </svg>
          </div>
        </div>
      </div>
      <div>
        <hr
          class="c3"
        />
        <div
          class="title"
        >
          Scaling
        </div>
        <div
          class="c4"
        >
          <a
            data-test-id="category-item-Twistlock"
            href="/technology/devops/twistlock"
          >
            Twistlock
          </a>
          <svg
            aria-hidden="true"
            class="MuiSvgIcon-root"
            focusable="false"
            viewBox="0 0 24 24"
          >
            <path
              d="M5.88 4.12L13.76 12l-7.88 7.88L8 22l10-10L8 2z"
            />
          </svg>
        </div>
        <div
          class="c4"
        >
          <a
            data-test-id="category-item-ConcourseCl"
            href="/technology/devops/concoursecl"
          >
            ConcourseCl
          </a>
          <svg
            aria-hidden="true"
            class="MuiSvgIcon-root"
            focusable="false"
            viewBox="0 0 24 24"
          >
            <path
              d="M5.88 4.12L13.76 12l-7.88 7.88L8 22l10-10L8 2z"
            />
          </svg>
        </div>
        <div
          class="c4"
        >
          <a
            data-test-id="category-item-Consul"
            href="/technology/devops/consul"
          >
            Consul
          </a>
          <svg
            aria-hidden="true"
            class="MuiSvgIcon-root"
            focusable="false"
            viewBox="0 0 24 24"
          >
            <path
              d="M5.88 4.12L13.76 12l-7.88 7.88L8 22l10-10L8 2z"
            />
          </svg>
        </div>
      </div>
      <div>
        <div
          class="subheader-mobile"
        >
          Other Categories
        </div>
        <span>
          <a
            href="/category/mobile"
          >
            <div
              class="c5"
            >
              <img
                alt="Mobile"
                height="54"
                src="mobile.svg"
                width="54"
              />
              <span>
                Mobile
              </span>
              <svg
                aria-hidden="true"
                class="MuiSvgIcon-root"
                focusable="false"
                viewBox="0 0 24 24"
              >
                <path
                  d="M5.88 4.12L13.76 12l-7.88 7.88L8 22l10-10L8 2z"
                />
              </svg>
            </div>
          </a>
          <a
            href="/category/frontend"
          >
            <div
              class="c5"
            >
              <img
                alt="Frontend"
                height="54"
                src="frontend.svg"
                width="54"
              />
              <span>
                Frontend
              </span>
              <svg
                aria-hidden="true"
                class="MuiSvgIcon-root"
                focusable="false"
                viewBox="0 0 24 24"
              >
                <path
                  d="M5.88 4.12L13.76 12l-7.88 7.88L8 22l10-10L8 2z"
                />
              </svg>
            </div>
          </a>
          <a
            href="/category/backend"
          >
            <div
              class="c5"
            >
              <img
                alt="Backend"
                height="54"
                src="backend.svg"
                width="54"
              />
              <span>
                Backend
              </span>
              <svg
                aria-hidden="true"
                class="MuiSvgIcon-root"
                focusable="false"
                viewBox="0 0 24 24"
              >
                <path
                  d="M5.88 4.12L13.76 12l-7.88 7.88L8 22l10-10L8 2z"
                />
              </svg>
            </div>
          </a>
          <a
            href="/category/integration"
          >
            <div
              class="c5"
            >
              <img
                alt="Integration"
                height="54"
                src="integration.svg"
                width="54"
              />
              <span>
                Integration
              </span>
              <svg
                aria-hidden="true"
                class="MuiSvgIcon-root"
                focusable="false"
                viewBox="0 0 24 24"
              >
                <path
                  d="M5.88 4.12L13.76 12l-7.88 7.88L8 22l10-10L8 2z"
                />
              </svg>
            </div>
          </a>
        </span>
        <span>
          <a
            href="/category/cloud-&-platforms"
          >
            <div
              class="c5"
            >
              <img
                alt="Cloud & Platforms"
                height="54"
                src="cloud.svg"
                width="54"
              />
              <span>
                Cloud & Platforms
              </span>
              <svg
                aria-hidden="true"
                class="MuiSvgIcon-root"
                focusable="false"
                viewBox="0 0 24 24"
              >
                <path
                  d="M5.88 4.12L13.76 12l-7.88 7.88L8 22l10-10L8 2z"
                />
              </svg>
            </div>
          </a>
          <a
            href="/category/quality-engineering"
          >
            <div
              class="c5"
            >
              <img
                alt="Quality Engineering"
                height="54"
                src="quality.svg"
                width="54"
              />
              <span>
                Quality Engineering
              </span>
              <svg
                aria-hidden="true"
                class="MuiSvgIcon-root"
                focusable="false"
                viewBox="0 0 24 24"
              >
                <path
                  d="M5.88 4.12L13.76 12l-7.88 7.88L8 22l10-10L8 2z"
                />
              </svg>
            </div>
          </a>
          <a
            href="/category/data-engineering"
          >
            <div
              class="c5"
            >
              <img
                alt="Data Engineering"
                height="54"
                src="databases.svg"
                width="54"
              />
              <span>
                Data Engineering
              </span>
              <svg
                aria-hidden="true"
                class="MuiSvgIcon-root"
                focusable="false"
                viewBox="0 0 24 24"
              >
                <path
                  d="M5.88 4.12L13.76 12l-7.88 7.88L8 22l10-10L8 2z"
                />
              </svg>
            </div>
          </a>
        </span>
      </div>
    </div>
    <div
      class="MuiGrid-root desktop-grid MuiGrid-container"
    >
      <div
        class="MuiGrid-root MuiGrid-item MuiGrid-grid-xs-12"
      >
        <a
          class="c6"
          href="/home"
        >
          <svg
            aria-hidden="true"
            class="MuiSvgIcon-root"
            focusable="false"
            viewBox="0 0 24 24"
          >
            <path
              d="M15.41 7.41L14 6l-6 6 6 6 1.41-1.41L10.83 12z"
            />
          </svg>
          Back
        </a>
        <div
          class="c7"
        >
          DevOps
        </div>
        <img
          alt="DevOps"
          class="category-icon"
          height="126"
          src="devops.svg"
          width="126"
        />
      </div>
      <div
        class="MuiGrid-root large-screen MuiGrid-item MuiGrid-grid-xs-4"
      >
        <hr
          class="c3"
        />
        <div
          class="title"
        >
          Preferred
        </div>
        <div
          class="c4"
        >
          <a
            data-test-id="category-item-GitHub"
            href="/technology/devops/github"
          >
            GitHub
          </a>
          <svg
            aria-hidden="true"
            class="MuiSvgIcon-root"
            focusable="false"
            viewBox="0 0 24 24"
          >
            <path
              d="M5.88 4.12L13.76 12l-7.88 7.88L8 22l10-10L8 2z"
            />
          </svg>
        </div>
        <div
          class="c4"
        >
          <a
            data-test-id="category-item-CircleCI"
            href="/technology/devops/circleci"
          >
            CircleCI
          </a>
          <svg
            aria-hidden="true"
            class="MuiSvgIcon-root"
            focusable="false"
            viewBox="0 0 24 24"
          >
            <path
              d="M5.88 4.12L13.76 12l-7.88 7.88L8 22l10-10L8 2z"
            />
          </svg>
        </div>
        <div
          class="c4"
        >
          <a
            data-test-id="category-item-Terraform"
            href="/technology/devops/terraform"
          >
            Terraform
          </a>
          <svg
            aria-hidden="true"
            class="MuiSvgIcon-root"
            focusable="false"
            viewBox="0 0 24 24"
          >
            <path
              d="M5.88 4.12L13.76 12l-7.88 7.88L8 22l10-10L8 2z"
            />
          </svg>
        </div>
        <div
          class="c4"
        >
          <a
            data-test-id="category-item-Vault"
            href="/technology/devops/vault"
          >
            Vault
          </a>
          <svg
            aria-hidden="true"
            class="MuiSvgIcon-root"
            focusable="false"
            viewBox="0 0 24 24"
          >
            <path
              d="M5.88 4.12L13.76 12l-7.88 7.88L8 22l10-10L8 2z"
            />
          </svg>
        </div>
        <div
          class="c4"
        >
          <a
            data-test-id="category-item-SonarQube"
            href="/technology/devops/sonarqube"
          >
            SonarQube
          </a>
          <svg
            aria-hidden="true"
            class="MuiSvgIcon-root"
            focusable="false"
            viewBox="0 0 24 24"
          >
            <path
              d="M5.88 4.12L13.76 12l-7.88 7.88L8 22l10-10L8 2z"
            />
          </svg>
        </div>
        <div
          class="c4"
        >
          <a
            data-test-id="category-item-Elastic"
            href="/technology/devops/elastic"
          >
            Elastic
          </a>
          <svg
            aria-hidden="true"
            class="MuiSvgIcon-root"
            focusable="false"
            viewBox="0 0 24 24"
          >
            <path
              d="M5.88 4.12L13.76 12l-7.88 7.88L8 22l10-10L8 2z"
            />
          </svg>
        </div>
      </div>
      <div
        class="MuiGrid-root large-screen MuiGrid-item MuiGrid-grid-xs-4"
      >
        <hr
          class="c3"
        />
        <div
          class="title"
        >
          Skilled
        </div>
        <div
          class="c4"
        >
          <a
            data-test-id="category-item-Bitbucket"
            href="/technology/devops/bitbucket"
          >
            Bitbucket
          </a>
          <svg
            aria-hidden="true"
            class="MuiSvgIcon-root"
            focusable="false"
            viewBox="0 0 24 24"
          >
            <path
              d="M5.88 4.12L13.76 12l-7.88 7.88L8 22l10-10L8 2z"
            />
          </svg>
        </div>
        <div
          class="c4"
        >
          <a
            data-test-id="category-item-Jenkins"
            href="/technology/devops/jenkins"
          >
            Jenkins
          </a>
          <svg
            aria-hidden="true"
            class="MuiSvgIcon-root"
            focusable="false"
            viewBox="0 0 24 24"
          >
            <path
              d="M5.88 4.12L13.76 12l-7.88 7.88L8 22l10-10L8 2z"
            />
          </svg>
        </div>
        <div
          class="c4"
        >
          <a
            data-test-id="category-item-TeamCity"
            href="/technology/devops/teamcity"
          >
            TeamCity
          </a>
          <svg
            aria-hidden="true"
            class="MuiSvgIcon-root"
            focusable="false"
            viewBox="0 0 24 24"
          >
            <path
              d="M5.88 4.12L13.76 12l-7.88 7.88L8 22l10-10L8 2z"
            />
          </svg>
        </div>
        <div
          class="c4"
        >
          <a
            data-test-id="category-item-Ansible"
            href="/technology/devops/ansible"
          >
            Ansible
          </a>
          <svg
            aria-hidden="true"
            class="MuiSvgIcon-root"
            focusable="false"
            viewBox="0 0 24 24"
          >
            <path
              d="M5.88 4.12L13.76 12l-7.88 7.88L8 22l10-10L8 2z"
            />
          </svg>
        </div>
        <div
          class="c4"
        >
          <a
            data-test-id="category-item-Packer"
            href="/technology/devops/packer"
          >
            Packer
          </a>
          <svg
            aria-hidden="true"
            class="MuiSvgIcon-root"
            focusable="false"
            viewBox="0 0 24 24"
          >
            <path
              d="M5.88 4.12L13.76 12l-7.88 7.88L8 22l10-10L8 2z"
            />
          </svg>
        </div>
        <div
          class="c4"
        >
          <a
            data-test-id="category-item-Docker"
            href="/technology/devops/docker"
          >
            Docker
          </a>
          <svg
            aria-hidden="true"
            class="MuiSvgIcon-root"
            focusable="false"
            viewBox="0 0 24 24"
          >
            <path
              d="M5.88 4.12L13.76 12l-7.88 7.88L8 22l10-10L8 2z"
            />
          </svg>
        </div>
      </div>
      <div
        class="MuiGrid-root large-screen MuiGrid-item MuiGrid-grid-xs-4"
      >
        <hr
          class="c3"
        />
        <div
          class="title"
        >
          Scaling
        </div>
        <div
          class="c4"
        >
          <a
            data-test-id="category-item-Twistlock"
            href="/technology/devops/twistlock"
          >
            Twistlock
          </a>
          <svg
            aria-hidden="true"
            class="MuiSvgIcon-root"
            focusable="false"
            viewBox="0 0 24 24"
          >
            <path
              d="M5.88 4.12L13.76 12l-7.88 7.88L8 22l10-10L8 2z"
            />
          </svg>
        </div>
        <div
          class="c4"
        >
          <a
            data-test-id="category-item-ConcourseCl"
            href="/technology/devops/concoursecl"
          >
            ConcourseCl
          </a>
          <svg
            aria-hidden="true"
            class="MuiSvgIcon-root"
            focusable="false"
            viewBox="0 0 24 24"
          >
            <path
              d="M5.88 4.12L13.76 12l-7.88 7.88L8 22l10-10L8 2z"
            />
          </svg>
        </div>
        <div
          class="c4"
        >
          <a
            data-test-id="category-item-Consul"
            href="/technology/devops/consul"
          >
            Consul
          </a>
          <svg
            aria-hidden="true"
            class="MuiSvgIcon-root"
            focusable="false"
            viewBox="0 0 24 24"
          >
            <path
              d="M5.88 4.12L13.76 12l-7.88 7.88L8 22l10-10L8 2z"
            />
          </svg>
        </div>
      </div>
      <div
        class="subheader"
      >
        Other Categories
      </div>
      <div
        class="MuiGrid-root categories-grid MuiGrid-item MuiGrid-grid-xs-12"
      >
        <span>
          <a
            href="/category/mobile"
          >
            <div
              class="c5"
            >
              <img
                alt="Mobile"
                height="54"
                src="mobile.svg"
                width="54"
              />
              <span>
                Mobile
              </span>
              <svg
                aria-hidden="true"
                class="MuiSvgIcon-root"
                focusable="false"
                viewBox="0 0 24 24"
              >
                <path
                  d="M5.88 4.12L13.76 12l-7.88 7.88L8 22l10-10L8 2z"
                />
              </svg>
            </div>
          </a>
          <a
            href="/category/frontend"
          >
            <div
              class="c5"
            >
              <img
                alt="Frontend"
                height="54"
                src="frontend.svg"
                width="54"
              />
              <span>
                Frontend
              </span>
              <svg
                aria-hidden="true"
                class="MuiSvgIcon-root"
                focusable="false"
                viewBox="0 0 24 24"
              >
                <path
                  d="M5.88 4.12L13.76 12l-7.88 7.88L8 22l10-10L8 2z"
                />
              </svg>
            </div>
          </a>
          <a
            href="/category/backend"
          >
            <div
              class="c5"
            >
              <img
                alt="Backend"
                height="54"
                src="backend.svg"
                width="54"
              />
              <span>
                Backend
              </span>
              <svg
                aria-hidden="true"
                class="MuiSvgIcon-root"
                focusable="false"
                viewBox="0 0 24 24"
              >
                <path
                  d="M5.88 4.12L13.76 12l-7.88 7.88L8 22l10-10L8 2z"
                />
              </svg>
            </div>
          </a>
          <a
            href="/category/integration"
          >
            <div
              class="c5"
            >
              <img
                alt="Integration"
                height="54"
                src="integration.svg"
                width="54"
              />
              <span>
                Integration
              </span>
              <svg
                aria-hidden="true"
                class="MuiSvgIcon-root"
                focusable="false"
                viewBox="0 0 24 24"
              >
                <path
                  d="M5.88 4.12L13.76 12l-7.88 7.88L8 22l10-10L8 2z"
                />
              </svg>
            </div>
          </a>
        </span>
        <span>
          <a
            href="/category/cloud-&-platforms"
          >
            <div
              class="c5"
            >
              <img
                alt="Cloud & Platforms"
                height="54"
                src="cloud.svg"
                width="54"
              />
              <span>
                Cloud & Platforms
              </span>
              <svg
                aria-hidden="true"
                class="MuiSvgIcon-root"
                focusable="false"
                viewBox="0 0 24 24"
              >
                <path
                  d="M5.88 4.12L13.76 12l-7.88 7.88L8 22l10-10L8 2z"
                />
              </svg>
            </div>
          </a>
          <a
            href="/category/quality-engineering"
          >
            <div
              class="c5"
            >
              <img
                alt="Quality Engineering"
                height="54"
                src="quality.svg"
                width="54"
              />
              <span>
                Quality Engineering
              </span>
              <svg
                aria-hidden="true"
                class="MuiSvgIcon-root"
                focusable="false"
                viewBox="0 0 24 24"
              >
                <path
                  d="M5.88 4.12L13.76 12l-7.88 7.88L8 22l10-10L8 2z"
                />
              </svg>
            </div>
          </a>
          <a
            href="/category/data-engineering"
          >
            <div
              class="c5"
            >
              <img
                alt="Data Engineering"
                height="54"
                src="databases.svg"
                width="54"
              />
              <span>
                Data Engineering
              </span>
              <svg
                aria-hidden="true"
                class="MuiSvgIcon-root"
                focusable="false"
                viewBox="0 0 24 24"
              >
                <path
                  d="M5.88 4.12L13.76 12l-7.88 7.88L8 22l10-10L8 2z"
                />
              </svg>
            </div>
          </a>
        </span>
      </div>
    </div>
  </div>
  <div
    class="c8"
  >
    <svg
      height="800"
      width="400"
    >
      <g
        transform="translate(400 400)"
      >
        <path
          class="arc"
          d="M2.4492935982947064e-14,400A400,400,0,1,1,-7.347880794884119e-14,-400L0,0Z"
          fill="#ffffff"
          opacity="0.03"
          stroke="lightgrey"
        />
        <path
          class="arc"
          d="M1.6328623988631378e-14,266.6666666666667A266.6666666666667,266.6666666666667,0,1,1,-4.898587196589413e-14,-266.6666666666667L0,0Z"
          fill="#ffffff"
          opacity="0.03"
        />
        <path
          class="arc"
          d="M8.164311994315689e-15,133.33333333333334A133.33333333333334,133.33333333333334,0,1,1,-2.4492935982947064e-14,-133.33333333333334L0,0Z"
          fill="#ffffff"
          opacity="0.05"
        />
        <g>
          <g
            aria-label="GitHub"
            class=""
            title="GitHub"
          >
            <circle
              cx="-294.4486372867092"
              cy="169.99999999999997"
              fill="white"
              r="24"
            />
            <image
              height="33.941125496954285"
              href="https://raw.githubusercontent.com/capcodigital/presentation-logos/master/tech-radar/devops/github_square.png"
              width="33.941125496954285"
              x="-311.41920003518635"
              y="153.02943725152284"
            />
          </g>
        </g>
        <g>
          <g
            aria-label="CircleCI"
            class=""
            title="CircleCI"
          >
            <circle
              cx="-332.57018424949393"
              cy="70.68997487803817"
              fill="white"
              r="24"
            />
            <image
              height="33.941125496954285"
              href="https://raw.githubusercontent.com/capcodigital/presentation-logos/master/tech-radar/devops/circleci_square.png"
              width="33.941125496954285"
              x="-349.5407469979711"
              y="53.71941212956103"
            />
          </g>
        </g>
        <g>
          <g
            aria-label="Terraform"
            class=""
            title="Terraform"
          >
            <circle
              cx="-338.1374444252129"
              cy="-35.53967751100219"
              fill="white"
              r="24"
            />
            <image
              height="33.941125496954285"
              href="https://raw.githubusercontent.com/capcodigital/presentation-logos/master/tech-radar/devops/terraform_square.png"
              width="33.941125496954285"
              x="-355.10800717369005"
              y="-52.51024025947933"
            />
          </g>
        </g>
        <g>
          <g
            aria-label="Vault"
            class=""
            title="Vault"
          >
            <circle
              cx="-310.6054555984843"
              cy="-138.29045864577208"
              fill="white"
              r="24"
            />
            <image
              height="33.941125496954285"
              href="https://raw.githubusercontent.com/capcodigital/presentation-logos/master/tech-radar/devops/vault_square.png"
              width="33.941125496954285"
              x="-327.57601834696146"
              y="-155.2610213942492"
            />
          </g>
        </g>
        <g>
          <g
            aria-label="SonarQube"
            class=""
            title="SonarQube"
          >
            <circle
              cx="-252.66924066231405"
              cy="-227.5044061620118"
              fill="white"
              r="24"
            />
            <image
              height="33.941125496954285"
              href="https://raw.githubusercontent.com/capcodigital/presentation-logos/master/tech-radar/devops/sonarqube_square.png"
              width="33.941125496954285"
              x="-269.6398034107912"
              y="-244.47496891048894"
            />
          </g>
        </g>
        <g>
          <g
            aria-label="Elastic"
            class=""
            title="Elastic"
          >
            <circle
              cx="-170.00000000000014"
              cy="-294.4486372867091"
              fill="white"
              r="24"
            />
            <image
              height="33.941125496954285"
              href="https://raw.githubusercontent.com/capcodigital/presentation-logos/master/tech-radar/devops/elastic_stack_square.png"
              width="33.941125496954285"
              x="-186.97056274847728"
              y="-311.41920003518624"
            />
          </g>
        </g>
        <g>
          <g
            aria-label="Bitbucket"
            class=""
            title="Bitbucket"
          >
            <circle
              cx="-178.978583448784"
              cy="103.33333333333333"
              fill="white"
              r="24"
            />
            <image
              height="33.941125496954285"
              href="https://raw.githubusercontent.com/capcodigital/presentation-logos/master/tech-radar/devops/bitbucket_square.png"
              width="33.941125496954285"
              x="-195.94914619726114"
              y="86.36277058485618"
            />
          </g>
        </g>
        <g>
          <g
            aria-label="Jenkins"
            class=""
            title="Jenkins"
          >
            <circle
              cx="-202.1505041516532"
              cy="42.96841610233693"
              fill="white"
              r="24"
            />
            <image
              height="33.941125496954285"
              href="https://raw.githubusercontent.com/capcodigital/presentation-logos/master/tech-radar/devops/jenkins_square.png"
              width="33.941125496954285"
              x="-219.12106690013033"
              y="25.99785335385979"
            />
          </g>
        </g>
        <g>
          <g
            aria-label="TeamCity"
            class=""
            title="TeamCity"
          >
            <circle
              cx="-205.5345250427765"
              cy="-21.602549075315057"
              fill="white"
              r="24"
            />
            <image
              height="33.941125496954285"
              href="https://raw.githubusercontent.com/capcodigital/presentation-logos/master/tech-radar/devops/teamcity_square.png"
              width="33.941125496954285"
              x="-222.50508779125363"
              y="-38.5731118237922"
            />
          </g>
        </g>
        <g>
          <g
            aria-label="Ansible"
            class=""
            title="Ansible"
          >
            <circle
              cx="-188.79939457947086"
              cy="-84.05890623566539"
              fill="white"
              r="24"
            />
            <image
              height="33.941125496954285"
              href="https://raw.githubusercontent.com/capcodigital/presentation-logos/master/tech-radar/devops/ansible_square.png"
              width="33.941125496954285"
              x="-205.769957327948"
              y="-101.02946898414254"
            />
          </g>
        </g>
        <g>
          <g
            aria-label="Packer"
            class=""
            title="Packer"
          >
            <circle
              cx="-153.58326393199482"
              cy="-138.28699198083072"
              fill="white"
              r="24"
            />
            <image
              height="33.941125496954285"
              href="https://raw.githubusercontent.com/capcodigital/presentation-logos/master/tech-radar/devops/packer_square.png"
              width="33.941125496954285"
              x="-170.55382668047196"
              y="-155.25755472930786"
            />
          </g>
        </g>
        <g>
          <g
            aria-label="Docker"
            class=""
            title="Docker"
          >
            <circle
              cx="-103.33333333333343"
              cy="-178.97858344878398"
              fill="white"
              r="24"
            />
            <image
              height="33.941125496954285"
              href="https://raw.githubusercontent.com/capcodigital/presentation-logos/master/tech-radar/devops/docker_square.png"
              width="33.941125496954285"
              x="-120.30389608181056"
              y="-195.94914619726111"
            />
          </g>
        </g>
        <g>
          <g
            aria-label="Twistlock"
            class=""
            title="Twistlock"
          >
            <circle
              cx="-36.66666666666666"
              cy="63.508529610858844"
              fill="white"
              r="24"
            />
            <image
              height="33.941125496954285"
              href="https://raw.githubusercontent.com/capcodigital/presentation-logos/master/tech-radar/devops/twistlock_square.png"
              width="33.941125496954285"
              x="-53.6372294151438"
              y="46.5379668623817"
            />
          </g>
        </g>
        <g>
          <g
            aria-label="ConcourseCl"
            class=""
            title="ConcourseCl"
          >
            <circle
              cx="-73.33333333333334"
              cy="4.154728524941852e-14"
              fill="white"
              r="24"
            />
            <image
              height="33.941125496954285"
              href="https://raw.githubusercontent.com/capcodigital/presentation-logos/master/tech-radar/devops/concourse_square.png"
              width="33.941125496954285"
              x="-90.30389608181048"
              y="-16.9705627484771"
            />
          </g>
        </g>
        <g>
          <g
            aria-label="Consul"
            class=""
            title="Consul"
          >
            <circle
              cx="-36.66666666666671"
              cy="-63.50852961085883"
              fill="white"
              r="24"
            />
            <image
              height="33.941125496954285"
              href="https://raw.githubusercontent.com/capcodigital/presentation-logos/master/tech-radar/devops/consul_square.png"
              width="33.941125496954285"
              x="-53.63722941514385"
              y="-80.47909235933597"
            />
          </g>
        </g>
      </g>
    </svg>
  </div>
</div>
`;
