// Jest Snapshot v1, https://goo.gl/fbAQLP

exports[`Radar should render Radar component 1`] = `
<div
  class="styles__Wrapper-sc-2tg2y4-0 fGwopy"
>
  <svg
    style="overflow: visible;"
    viewBox="0 0 900 900"
  >
    <g
      transform="translate(450 450)"
    >
      <circle
        cx="0"
        cy="0"
        fill="#e6236d"
        opacity="1"
        r="116.66666666666667"
      />
      <circle
        cx="0"
        cy="0"
        fill="#e6236d"
        opacity="1"
        r="233.33333333333334"
      />
      <circle
        cx="0"
        cy="0"
        fill="#850334"
        opacity="0.9"
        r="116.66666666666667"
      />
      <circle
        cx="0"
        cy="0"
        fill="#e6236d"
        opacity="0.9"
        r="350"
      />
      <circle
        cx="0"
        cy="0"
        fill="#850334"
        opacity="0.9"
        r="233.33333333333334"
      />
      <line
        stroke="white"
        stroke-width="0.2"
        transform="rotate(22.5)"
        x1="0"
        y1="0"
        y2="350"
      />
      <line
        stroke="white"
        stroke-width="0.2"
        transform="rotate(67.5)"
        x1="0"
        y1="0"
        y2="350"
      />
      <line
        stroke="white"
        stroke-width="0.2"
        transform="rotate(112.5)"
        x1="0"
        y1="0"
        y2="350"
      />
      <line
        stroke="white"
        stroke-width="0.2"
        transform="rotate(157.5)"
        x1="0"
        y1="0"
        y2="350"
      />
      <line
        stroke="white"
        stroke-width="0.2"
        transform="rotate(202.5)"
        x1="0"
        y1="0"
        y2="350"
      />
      <line
        stroke="white"
        stroke-width="0.2"
        transform="rotate(247.5)"
        x1="0"
        y1="0"
        y2="350"
      />
      <line
        stroke="white"
        stroke-width="0.2"
        transform="rotate(292.5)"
        x1="0"
        y1="0"
        y2="350"
      />
      <line
        stroke="white"
        stroke-width="0.2"
        transform="rotate(337.5)"
        x1="0"
        y1="0"
        y2="350"
      />
      <g
        class="styles__StyledNav-sc-2tg2y4-1 iEdYQi"
        transform="translate(-69.99999999999997, -410)"
      >
        <image
          height="50"
          href="devops.svg"
          width="50"
          x="0"
          y="0"
        />
        <text
          class="DevOps"
          fill="white"
          font-size="20"
          font-weight="700"
          text-anchor="start"
          x="60"
          y="30"
        >
          DevOps
        </text>
        <path
          d="M5.88 4.12L13.76 12l-7.88 7.88L8 22l10-10L8 2z"
          fill="white"
          scale="0.5"
          transform="translate(110,17) scale(0.6)"
        />
      </g>
      <g
        class="styles__StyledNav-sc-2tg2y4-1 iEdYQi"
        transform="translate(262.842712474619, -282.84271247461896)"
      >
        <image
          height="50"
          href="databases.svg"
          width="50"
          x="0"
          y="0"
        />
        <text
          class="Databases"
          fill="white"
          font-size="20"
          font-weight="700"
          text-anchor="start"
          x="60"
          y="30"
        >
          Databases
        </text>
        <path
          d="M5.88 4.12L13.76 12l-7.88 7.88L8 22l10-10L8 2z"
          fill="white"
          scale="0.5"
          transform="translate(140,17) scale(0.6)"
        />
      </g>
      <g
        class="styles__StyledNav-sc-2tg2y4-1 iEdYQi"
        transform="translate(380, 0)"
      >
        <image
          height="50"
          href="quality.svg"
          width="50"
          x="0"
          y="0"
        />
        <text
          class="Quality Engineering"
          fill="white"
          font-size="20"
          font-weight="700"
          text-anchor="start"
          x="60"
          y="30"
        >
          Quality Engineering
        </text>
        <path
          d="M5.88 4.12L13.76 12l-7.88 7.88L8 22l10-10L8 2z"
          fill="white"
          scale="0.5"
          transform="translate(200,17) scale(0.6)"
        />
      </g>
      <g
        class="styles__StyledNav-sc-2tg2y4-1 iEdYQi"
        transform="translate(262.842712474619, 282.84271247461896)"
      >
        <image
          height="50"
          href="cloud.svg"
          width="50"
          x="0"
          y="0"
        />
        <text
          class="Cloud & Platforms"
          fill="white"
          font-size="20"
          font-weight="700"
          text-anchor="start"
          x="60"
          y="30"
        >
          Cloud & Platforms
        </text>
        <path
          d="M5.88 4.12L13.76 12l-7.88 7.88L8 22l10-10L8 2z"
          fill="white"
          scale="0.5"
          transform="translate(180,17) scale(0.6)"
        />
      </g>
      <g
        class="styles__StyledNav-sc-2tg2y4-1 iEdYQi"
        transform="translate(-89.99999999999997, 360)"
      >
        <image
          height="50"
          href="integration.svg"
          width="50"
          x="0"
          y="0"
        />
        <text
          class="Integration"
          fill="white"
          font-size="20"
          font-weight="700"
          text-anchor="start"
          x="60"
          y="30"
        >
          Integration
        </text>
        <path
          d="M5.88 4.12L13.76 12l-7.88 7.88L8 22l10-10L8 2z"
          fill="white"
          scale="0.5"
          transform="translate(160,17) scale(0.6)"
        />
      </g>
      <g
        class="styles__StyledNav-sc-2tg2y4-1 iEdYQi"
        transform="translate(-402.84271247461896, 282.842712474619)"
      >
        <image
          height="50"
          href="backend.svg"
          width="50"
          x="0"
          y="0"
        />
        <text
          class="Backend"
          fill="white"
          font-size="20"
          font-weight="700"
          text-anchor="start"
          x="60"
          y="30"
        >
          Backend
        </text>
        <path
          d="M5.88 4.12L13.76 12l-7.88 7.88L8 22l10-10L8 2z"
          fill="white"
          scale="0.5"
          transform="translate(120,17) scale(0.6)"
        />
      </g>
      <g
        class="styles__StyledNav-sc-2tg2y4-1 iEdYQi"
        transform="translate(-520, 4.898587196589413e-14)"
      >
        <image
          height="50"
          href="frontend.svg"
          width="50"
          x="0"
          y="0"
        />
        <text
          class="Frontend"
          fill="white"
          font-size="20"
          font-weight="700"
          text-anchor="start"
          x="60"
          y="30"
        >
          Frontend
        </text>
        <path
          d="M5.88 4.12L13.76 12l-7.88 7.88L8 22l10-10L8 2z"
          fill="white"
          scale="0.5"
          transform="translate(130,17) scale(0.6)"
        />
      </g>
      <g
        class="styles__StyledNav-sc-2tg2y4-1 iEdYQi"
        transform="translate(-402.8427124746191, -282.84271247461896)"
      >
        <image
          height="50"
          href="mobile.svg"
          width="50"
          x="0"
          y="0"
        />
        <text
          class="Mobile"
          fill="white"
          font-size="20"
          font-weight="700"
          text-anchor="start"
          x="60"
          y="30"
        >
          Mobile
        </text>
        <path
          d="M5.88 4.12L13.76 12l-7.88 7.88L8 22l10-10L8 2z"
          fill="white"
          scale="0.5"
          transform="translate(110,17) scale(0.6)"
        />
      </g>
      <g
        transform=""
      >
        <text
          fill="white"
          font-size="16"
          font-weight="bold"
          opacity="1"
          text-anchor="middle"
          y="-58.333333333333336"
        >
          scaling
        </text>
      </g>
      <g
        transform=""
      >
        <text
          fill="white"
          font-size="16"
          font-weight="bold"
          opacity="1"
          text-anchor="middle"
          y="-175"
        >
          skilled
        </text>
      </g>
      <g
        transform=""
      >
        <text
          fill="white"
          font-size="16"
          font-weight="bold"
          opacity="1"
          text-anchor="middle"
          y="-291.6666666666667"
        >
          preferred
        </text>
      </g>
      <g
        transform=""
      >
        <text
          fill="white"
          font-size="16"
          font-weight="bold"
          opacity="1"
          text-anchor="middle"
          y="58.333333333333336"
        >
          scaling
        </text>
      </g>
      <g
        transform=""
      >
        <text
          fill="white"
          font-size="16"
          font-weight="bold"
          opacity="1"
          text-anchor="middle"
          y="175"
        >
          skilled
        </text>
      </g>
      <g
        transform=""
      >
        <text
          fill="white"
          font-size="16"
          font-weight="bold"
          opacity="1"
          text-anchor="middle"
          y="291.6666666666667"
        >
          preferred
        </text>
      </g>
      <g>
        <text
          fill="white"
          font-size="16"
          font-weight="bold"
          opacity="1"
          text-anchor="middle"
          x="-58.333333333333336"
          y="0"
        >
          scaling
        </text>
      </g>
      <g>
        <text
          fill="white"
          font-size="16"
          font-weight="bold"
          opacity="1"
          text-anchor="middle"
          x="-175"
          y="0"
        >
          skilled
        </text>
      </g>
      <g>
        <text
          fill="white"
          font-size="16"
          font-weight="bold"
          opacity="1"
          text-anchor="middle"
          x="-291.6666666666667"
          y="0"
        >
          preferred
        </text>
      </g>
      <g>
        <text
          fill="white"
          font-size="16"
          font-weight="bold"
          opacity="1"
          text-anchor="middle"
          x="58.333333333333336"
          y="0"
        >
          scaling
        </text>
      </g>
      <g>
        <text
          fill="white"
          font-size="16"
          font-weight="bold"
          opacity="1"
          text-anchor="middle"
          x="175"
          y="0"
        >
          skilled
        </text>
      </g>
      <g>
        <text
          fill="white"
          font-size="16"
          font-weight="bold"
          opacity="1"
          text-anchor="middle"
          x="291.6666666666667"
          y="0"
        >
          preferred
        </text>
      </g>
      <path
        class="arc DevOps-segment"
        d="M-133.9392013277814,-323.35783637895037A350,350,0,0,1,133.93920132778143,-323.35783637895037L0,0Z"
        data-test-id="DevOps-arc"
        fill="rgb(235, 35, 109, 0.3)"
      />
      <path
        class="arc Databases-segment"
        d="M133.93920132778143,-323.35783637895037A350,350,0,0,1,323.35783637895037,-133.93920132778143L0,0Z"
        data-test-id="Databases-arc"
        fill="transparent"
      />
      <path
        class="arc Quality Engineering-segment"
        d="M323.35783637895037,-133.93920132778143A350,350,0,0,1,323.35783637895037,133.93920132778143L0,0Z"
        data-test-id="Quality Engineering-arc"
        fill="transparent"
      />
      <path
        class="arc Cloud & Platforms-segment"
        d="M323.35783637895037,133.93920132778143A350,350,0,0,1,133.93920132778143,323.35783637895037L0,0Z"
        data-test-id="Cloud & Platforms-arc"
        fill="transparent"
      />
      <path
        class="arc Integration-segment"
        d="M133.93920132778143,323.35783637895037A350,350,0,0,1,-133.9392013277814,323.35783637895037L0,0Z"
        data-test-id="Integration-arc"
        fill="transparent"
      />
      <path
        class="arc Backend-segment"
        d="M-133.9392013277814,323.35783637895037A350,350,0,0,1,-323.35783637895025,133.9392013277816L0,0Z"
        data-test-id="Backend-arc"
        fill="transparent"
      />
      <path
        class="arc Frontend-segment"
        d="M-323.35783637895025,133.9392013277816A350,350,0,0,1,-323.3578363789503,-133.93920132778152L0,0Z"
        data-test-id="Frontend-arc"
        fill="transparent"
      />
      <path
        class="arc Mobile-segment"
        d="M-323.3578363789503,-133.93920132778152A350,350,0,0,1,-133.93920132778163,-323.35783637895025L0,0Z"
        data-test-id="Mobile-arc"
        fill="transparent"
      />
      <g
        class="StyledGroup-sc-dipbco-0 jccckg"
        opacity="1"
      >
        <g
          aria-label="GitHub"
          class="techIcon-GitHub"
          title="GitHub"
        >
          <circle
            cx="-82.82209443280689"
            cy="-309.0962644125018"
            fill="white"
            r="14"
          />
          <image
            height="19.79898987322333"
            href="https://img.icons8.com/fluent/452/github.png"
            width="19.79898987322333"
            x="-92.72158936941855"
            y="-318.9957593491135"
          />
        </g>
      </g>
      <g
        class="StyledGroup-sc-dipbco-0 jccckg"
        opacity="1"
      >
        <g
          aria-label="CircleCI"
          class="techIcon-CircleCI"
          title="CircleCI"
        >
          <circle
            cx="-3.43000140663113e-13"
            cy="-320"
            fill="white"
            r="14"
          />
          <image
            height="19.79898987322333"
            href="https://img.icons8.com/color/452/circleci.png"
            width="19.79898987322333"
            x="-9.899494936612008"
            y="-329.8994949366117"
          />
        </g>
      </g>
      <g
        class="StyledGroup-sc-dipbco-0 jccckg"
        opacity="1"
      >
        <g
          aria-label="Terraform"
          class="techIcon-Terraform"
          title="Terraform"
        >
          <circle
            cx="82.8220944328065"
            cy="-309.0962644125019"
            fill="white"
            r="14"
          />
          <image
            height="19.79898987322333"
            href="https://raw.githubusercontent.com/mauve/vscode-terraform/master/terraform.png"
            width="19.79898987322333"
            x="72.92259949619483"
            y="-318.9957593491136"
          />
        </g>
      </g>
      <g
        class="StyledGroup-sc-dipbco-0 jccckg"
        opacity="1"
      >
        <g
          aria-label="Vault"
          class="techIcon-Vault"
          title="Vault"
        >
          <circle
            cx="-67.29295172665559"
            cy="-251.1407148351577"
            fill="white"
            r="14"
          />
          <image
            height="19.79898987322333"
            href="https://www.pngitem.com/pimgs/m/329-3299659_hashicorp-vault-logo-hd-png-download.png"
            width="19.79898987322333"
            x="-77.19244666326725"
            y="-261.04020977176936"
          />
        </g>
      </g>
      <g
        class="StyledGroup-sc-dipbco-0 jccckg"
        opacity="1"
      >
        <g
          aria-label="SonarQube"
          class="techIcon-SonarQube"
          title="SonarQube"
        >
          <circle
            cx="-2.786876142887793e-13"
            cy="-260"
            fill="white"
            r="14"
          />
          <image
            height="19.79898987322333"
            href="https://pbs.twimg.com/profile_images/1224335491899760641/h404B5dU_400x400.jpg"
            width="19.79898987322333"
            x="-9.899494936611944"
            y="-269.8994949366117"
          />
        </g>
      </g>
      <g
        class="StyledGroup-sc-dipbco-0 jccckg"
        opacity="1"
      >
        <g
          aria-label="Elastic"
          class="techIcon-Elastic"
          title="Elastic"
        >
          <circle
            cx="67.29295172665528"
            cy="-251.14071483515778"
            fill="white"
            r="14"
          />
          <image
            height="19.79898987322333"
            href="https://www.finsmes.com/wp-content/uploads/2019/06/elastic.png"
            width="19.79898987322333"
            x="57.39345679004361"
            y="-261.04020977176947"
          />
        </g>
      </g>
      <g
        class="StyledGroup-sc-dipbco-0 jccckg"
        opacity="1"
      >
        <g
          aria-label="Bitbucket"
          class="techIcon-Bitbucket"
          title="Bitbucket"
        >
          <circle
            cx="-52.626539170846044"
            cy="-196.40491801211053"
            fill="white"
            r="14"
          />
          <image
            height="19.79898987322333"
            href="https://images.g2crowd.com/uploads/product/image/large_detail/large_detail_2ea5f7178028686921161d65d4be481a/bitbucket.png"
            width="19.79898987322333"
            x="-62.52603410745771"
            y="-206.3044129487222"
          />
        </g>
      </g>
      <g
        class="StyledGroup-sc-dipbco-0 jccckg"
        opacity="1"
      >
        <g
          aria-label="Jenkins"
          class="techIcon-Jenkins"
          title="Jenkins"
        >
          <circle
            cx="-2.1794800604635308e-13"
            cy="-203.33333333333334"
            fill="white"
            r="14"
          />
          <image
            height="19.79898987322333"
            href="https://avidlearnerinprogress.github.io/assets/images/tools/jenkins.jpg"
            width="19.79898987322333"
            x="-9.899494936611884"
            y="-213.232828269945"
          />
        </g>
      </g>
      <g
        class="StyledGroup-sc-dipbco-0 jccckg"
        opacity="1"
      >
        <g
          aria-label="TeamCity"
          class="techIcon-TeamCity"
          title="TeamCity"
        >
          <circle
            cx="52.626539170845795"
            cy="-196.40491801211058"
            fill="white"
            r="14"
          />
          <image
            height="19.79898987322333"
            href="https://cdn.worldvectorlogo.com/logos/teamcity-icon.svg"
            width="19.79898987322333"
            x="42.72704423423413"
            y="-206.30441294872224"
          />
        </g>
      </g>
      <g
        class="StyledGroup-sc-dipbco-0 jccckg"
        opacity="1"
      >
        <g
          aria-label="Istio"
          class="techIcon-Istio"
          title="Istio"
        >
          <circle
            cx="-37.097396464694754"
            cy="-138.44936843476643"
            fill="white"
            r="14"
          />
          <image
            height="19.79898987322333"
            href="https://istio.io/latest/img/istio-bluelogo-whitebackground-unframed.svg"
            width="19.79898987322333"
            x="-46.99689140130642"
            y="-148.3488633713781"
          />
        </g>
      </g>
      <g
        class="StyledGroup-sc-dipbco-0 jccckg"
        opacity="1"
      >
        <g
          aria-label="Ansible"
          class="techIcon-Ansible"
          title="Ansible"
        >
          <circle
            cx="-1.5363547967201937e-13"
            cy="-143.33333333333334"
            fill="white"
            r="14"
          />
          <image
            height="19.79898987322333"
            href="https://upload.wikimedia.org/wikipedia/commons/0/05/Ansible_Logo.png"
            width="19.79898987322333"
            x="-9.899494936611818"
            y="-153.232828269945"
          />
        </g>
      </g>
      <g
        class="StyledGroup-sc-dipbco-0 jccckg"
        opacity="1"
      >
        <g
          aria-label="Packer"
          class="techIcon-Packer"
          title="Packer"
        >
          <circle
            cx="37.097396464694576"
            cy="-138.44936843476648"
            fill="white"
            r="14"
          />
          <image
            height="19.79898987322333"
            href="https://seeklogo.com/images/P/packer-logo-732D5F5529-seeklogo.com.png"
            width="19.79898987322333"
            x="27.19790152808291"
            y="-148.34886337137814"
          />
        </g>
      </g>
      <g
        class="StyledGroup-sc-dipbco-0 jccckg"
        opacity="1"
      >
        <g
          aria-label="Twistlock"
          class="techIcon-Twistlock"
          title="Twistlock"
        >
          <circle
            cx="-22.4309839088852"
            cy="-83.71357161171925"
            fill="white"
            r="14"
          />
          <image
            height="19.79898987322333"
            href="https://symbols.getvecta.com/stencil_98/71_twistlock-icon.a467faf956.svg"
            width="19.79898987322333"
            x="-32.33047884549686"
            y="-93.6130665483309"
          />
        </g>
      </g>
      <g
        class="StyledGroup-sc-dipbco-0 jccckg"
        opacity="1"
      >
        <g
          aria-label="Kiali"
          class="techIcon-Kiali"
          title="Kiali"
        >
          <circle
            cx="-9.28958714295931e-14"
            cy="-86.66666666666667"
            fill="white"
            r="14"
          />
          <image
            height="19.79898987322333"
            href="https://design.jboss.org/kiali/logo/final/PNG/kiali_icon_darkbkg_1280px.png"
            width="19.79898987322333"
            x="-9.899494936611758"
            y="-96.56616160327833"
          />
        </g>
      </g>
      <g
        class="StyledGroup-sc-dipbco-0 jccckg"
        opacity="1"
      >
        <g
          aria-label="ConcourseCl"
          class="techIcon-ConcourseCl"
          title="ConcourseCl"
        >
          <circle
            cx="22.430983908885093"
            cy="-83.71357161171927"
            fill="white"
            r="14"
          />
          <image
            height="19.79898987322333"
            href="https://cdn.worldvectorlogo.com/logos/concourse-1.svg"
            width="19.79898987322333"
            x="12.531488972273428"
            y="-93.61306654833093"
          />
        </g>
      </g>
      <g
        class="StyledGroup-sc-dipbco-0 jccckg"
        opacity="1"
      >
        <g
          aria-label="Consul"
          class="techIcon-Consul"
          title="Consul"
        >
          <circle
            cx="-4.898587196589413e-15"
            cy="-26.66666666666667"
            fill="white"
            r="14"
          />
          <image
            height="19.79898987322333"
            href="https://d7umqicpi7263.cloudfront.net/img/product/4c3eb104-ebd1-42be-9bd4-de25ef6918df/84c590de-f853-4d50-a314-d92f104ec3a9.png"
            width="19.79898987322333"
            x="-9.89949493661167"
            y="-36.56616160327834"
          />
        </g>
      </g>
      <g
        class="StyledGroup-sc-dipbco-0 jccckg"
        opacity="0.3"
      >
        <g
          aria-label="Postgres"
          class="techIcon-Postgres"
          title="Postgres"
        >
          <circle
            cx="160.00000000000003"
            cy="-277.12812921102034"
            fill="white"
            r="14"
          />
          <image
            height="19.79898987322333"
            href="https://img.icons8.com/color/452/postgreesql.png"
            width="19.79898987322333"
            x="150.10050506338837"
            y="-287.027624147632"
          />
        </g>
      </g>
      <g
        class="StyledGroup-sc-dipbco-0 jccckg"
        opacity="0.3"
      >
        <g
          aria-label="Neo4J"
          class="techIcon-Neo4J"
          title="Neo4J"
        >
          <circle
            cx="226.27416997969516"
            cy="-226.27416997969527"
            fill="white"
            r="14"
          />
          <image
            height="19.79898987322333"
            href="https://dist.neo4j.com/wp-content/uploads/neo4j_logo_globe1.png"
            width="19.79898987322333"
            x="216.3746750430835"
            y="-236.17366491630693"
          />
        </g>
      </g>
      <g
        class="StyledGroup-sc-dipbco-0 jccckg"
        opacity="0.3"
      >
        <g
          aria-label="MongoDB"
          class="techIcon-MongoDB"
          title="MongoDB"
        >
          <circle
            cx="277.12812921102045"
            cy="-159.9999999999999"
            fill="white"
            r="14"
          />
          <image
            height="19.79898987322333"
            href="https://symbols.getvecta.com/stencil_88/103_mongodb.d91e0a5f7c.svg"
            width="19.79898987322333"
            x="267.22863427440876"
            y="-169.89949493661155"
          />
        </g>
      </g>
      <g
        class="StyledGroup-sc-dipbco-0 jccckg"
        opacity="0.3"
      >
        <g
          aria-label="MySQL"
          class="techIcon-MySQL"
          title="MySQL"
        >
          <circle
            cx="101.6666666666667"
            cy="-176.09183210283587"
            fill="white"
            r="14"
          />
          <image
            height="19.79898987322333"
            href="https://symbols.getvecta.com/stencil_261/27_mysql.4e2ff8ff6c.svg"
            width="19.79898987322333"
            x="91.76717173005504"
            y="-185.99132703944753"
          />
        </g>
      </g>
      <g
        class="StyledGroup-sc-dipbco-0 jccckg"
        opacity="0.3"
      >
        <g
          aria-label="Oracle"
          class="techIcon-Oracle"
          title="Oracle"
        >
          <circle
            cx="143.77837884126464"
            cy="-143.7783788412647"
            fill="white"
            r="14"
          />
          <image
            height="19.79898987322333"
            href="https://img.icons8.com/color/452/oracle-logo.png"
            width="19.79898987322333"
            x="133.87888390465298"
            y="-153.67787377787636"
          />
        </g>
      </g>
      <g
        class="StyledGroup-sc-dipbco-0 jccckg"
        opacity="0.3"
      >
        <g
          aria-label="SQL Server"
          class="techIcon-SQL Server"
          title="SQL Server"
        >
          <circle
            cx="176.0918321028359"
            cy="-101.6666666666666"
            fill="white"
            r="14"
          />
          <image
            height="19.79898987322333"
            href="https://img.icons8.com/color/452/microsoft-sql-server.png"
            width="19.79898987322333"
            x="166.19233716622423"
            y="-111.56616160327826"
          />
        </g>
      </g>
      <g
        class="StyledGroup-sc-dipbco-0 jccckg"
        opacity="0.3"
      >
        <g
          aria-label="BigQuery"
          class="techIcon-BigQuery"
          title="BigQuery"
        >
          <circle
            cx="43.33333333333334"
            cy="-75.05553499465135"
            fill="white"
            r="14"
          />
          <image
            height="19.79898987322333"
            href="https://www.intelligencepartner.com/wp-content/uploads/2017/05/bigdata_bigquery.png"
            width="19.79898987322333"
            x="33.433838396721676"
            y="-84.95502993126301"
          />
        </g>
      </g>
      <g
        class="StyledGroup-sc-dipbco-0 jccckg"
        opacity="0.3"
      >
        <g
          aria-label="Snowflake"
          class="techIcon-Snowflake"
          title="Snowflake"
        >
          <circle
            cx="61.28258770283411"
            cy="-61.282587702834135"
            fill="white"
            r="14"
          />
          <image
            height="19.79898987322333"
            href="https://avatars.githubusercontent.com/u/6453780?s=280&v=4"
            width="19.79898987322333"
            x="51.38309276622244"
            y="-71.1820826394458"
          />
        </g>
      </g>
      <g
        class="StyledGroup-sc-dipbco-0 jccckg"
        opacity="0.3"
      >
        <g
          aria-label="Liquibase"
          class="techIcon-Liquibase"
          title="Liquibase"
        >
          <circle
            cx="75.05553499465137"
            cy="-43.33333333333331"
            fill="white"
            r="14"
          />
          <image
            height="19.79898987322333"
            href="https://avatars.githubusercontent.com/u/438548?s=280&v=4"
            width="19.79898987322333"
            x="65.15604005803971"
            y="-53.232828269944974"
          />
        </g>
      </g>
      <g
        class="StyledGroup-sc-dipbco-0 jccckg"
        opacity="0.3"
      >
        <g
          aria-label="Selenium"
          class="techIcon-Selenium"
          title="Selenium"
        >
          <circle
            cx="309.0962644125018"
            cy="-82.8220944328069"
            fill="white"
            r="14"
          />
          <image
            height="19.79898987322333"
            href="https://static-00.iconduck.com/assets.00/selenium-icon-512x496-obrnvg2v.png"
            width="19.79898987322333"
            x="299.1967694758901"
            y="-92.72158936941857"
          />
        </g>
      </g>
      <g
        class="StyledGroup-sc-dipbco-0 jccckg"
        opacity="0.3"
      >
        <g
          aria-label="Cucumber"
          class="techIcon-Cucumber"
          title="Cucumber"
        >
          <circle
            cx="320"
            cy="-3.6259448944947067e-13"
            fill="white"
            r="14"
          />
          <image
            height="19.79898987322333"
            href="https://banner2.cleanpng.com/20180806/xkl/kisspng-cucumber-behavior-driven-development-software-test-cucumber-logo-svg-vector-amp-png-transparent-v-5b68353a7fad14.236653821533556026523.jpg"
            width="19.79898987322333"
            x="310.1005050633883"
            y="-9.899494936612028"
          />
        </g>
      </g>
      <g
        class="StyledGroup-sc-dipbco-0 jccckg"
        opacity="0.3"
      >
        <g
          aria-label="Appium"
          class="techIcon-Appium"
          title="Appium"
        >
          <circle
            cx="309.0962644125019"
            cy="82.82209443280648"
            fill="white"
            r="14"
          />
          <image
            height="19.79898987322333"
            href="https://e7.pngegg.com/pngimages/366/527/png-clipart-appium-test-automation-software-testing-selenium-ios-logo-purple-violet.png"
            width="19.79898987322333"
            x="299.1967694758902"
            y="72.92259949619482"
          />
        </g>
      </g>
      <g
        class="StyledGroup-sc-dipbco-0 jccckg"
        opacity="0.3"
      >
        <g
          aria-label="REST Assured"
          class="techIcon-REST Assured"
          title="REST Assured"
        >
          <circle
            cx="251.1407148351577"
            cy="-67.2929517266556"
            fill="white"
            r="14"
          />
          <image
            height="19.79898987322333"
            href="https://i2.wp.com/www.entrofi.net/wp-content/uploads/2020/01/rest-assured-logo.png?fit=400%2C400&ssl=1"
            width="19.79898987322333"
            x="241.24121989854603"
            y="-77.19244666326726"
          />
        </g>
      </g>
      <g
        class="StyledGroup-sc-dipbco-0 jccckg"
        opacity="0.3"
      >
        <g
          aria-label="BrowserStack"
          class="techIcon-BrowserStack"
          title="BrowserStack"
        >
          <circle
            cx="260"
            cy="-2.9460802267769494e-13"
            fill="white"
            r="14"
          />
          <image
            height="19.79898987322333"
            href="https://symbols.getvecta.com/stencil_75/145_browserstack-icon.21eace67de.svg"
            width="19.79898987322333"
            x="250.10050506338834"
            y="-9.89949493661196"
          />
        </g>
      </g>
      <g
        class="StyledGroup-sc-dipbco-0 jccckg"
        opacity="0.3"
      >
        <g
          aria-label="Sauce Labs"
          class="techIcon-Sauce Labs"
          title="Sauce Labs"
        >
          <circle
            cx="251.14071483515778"
            cy="67.29295172665526"
            fill="white"
            r="14"
          />
          <image
            height="19.79898987322333"
            href="https://jobicy.com/data/server-nyc0409/galaxy/mercury/2021/08/a480442d1aa1af938633df95f8e02bf6.jpeg"
            width="19.79898987322333"
            x="241.24121989854612"
            y="57.393456790043594"
          />
        </g>
      </g>
      <g
        class="StyledGroup-sc-dipbco-0 jccckg"
        opacity="0.3"
      >
        <g
          aria-label="Wiremock"
          class="techIcon-Wiremock"
          title="Wiremock"
        >
          <circle
            cx="196.40491801211053"
            cy="-52.62653917084606"
            fill="white"
            r="14"
          />
          <image
            height="19.79898987322333"
            href="https://www.saashub.com/images/app/service_logos/49/f7c4bb5006b5/large.png?1557747621"
            width="19.79898987322333"
            x="186.50542307549887"
            y="-62.526034107457725"
          />
        </g>
      </g>
      <g
        class="StyledGroup-sc-dipbco-0 jccckg"
        opacity="0.3"
      >
        <g
          aria-label="Applitools"
          class="techIcon-Applitools"
          title="Applitools"
        >
          <circle
            cx="203.33333333333334"
            cy="-2.303985818376845e-13"
            fill="white"
            r="14"
          />
          <image
            height="19.79898987322333"
            href="https://www.nuget.org/profiles/applitools/avatar?imageSize=512"
            width="19.79898987322333"
            x="193.43383839672168"
            y="-9.899494936611896"
          />
        </g>
      </g>
      <g
        class="StyledGroup-sc-dipbco-0 jccckg"
        opacity="0.3"
      >
        <g
          aria-label="JMeter"
          class="techIcon-JMeter"
          title="JMeter"
        >
          <circle
            cx="196.40491801211058"
            cy="52.62653917084578"
            fill="white"
            r="14"
          />
          <image
            height="19.79898987322333"
            href="https://svn.apache.org/repos/asf/jmeter/trunk/xdocs/images/asf-logo.svg"
            width="19.79898987322333"
            x="186.50542307549892"
            y="42.727044234234114"
          />
        </g>
      </g>
      <g
        class="StyledGroup-sc-dipbco-0 jccckg"
        opacity="0.3"
      >
        <g
          aria-label="Axe"
          class="techIcon-Axe"
          title="Axe"
        >
          <circle
            cx="140.57922352446303"
            cy="-27.962946155645117"
            fill="white"
            r="14"
          />
          <image
            height="19.79898987322333"
            href="https://www.deque.com/wp-content/uploads/2018/03/DQ_SecondaryLogo_HeroBlue_RGB-1.png"
            width="19.79898987322333"
            x="130.67972858785137"
            y="-37.86244109225678"
          />
        </g>
      </g>
      <g
        class="StyledGroup-sc-dipbco-0 jccckg"
        opacity="0.3"
      >
        <g
          aria-label="Cypress"
          class="techIcon-Cypress"
          title="Cypress"
        >
          <circle
            cx="140.57922352446303"
            cy="27.96294615564505"
            fill="white"
            r="14"
          />
          <image
            height="19.79898987322333"
            href="https://icons-for-free.com/iconfiles/png/512/cypress-1324440144114984250.png"
            width="19.79898987322333"
            x="130.67972858785137"
            y="18.063451219033382"
          />
        </g>
      </g>
      <g
        class="StyledGroup-sc-dipbco-0 jccckg"
        opacity="0.3"
      >
        <g
          aria-label="Gatling"
          class="techIcon-Gatling"
          title="Gatling"
        >
          <circle
            cx="85.00139096827996"
            cy="-16.90782790806449"
            fill="white"
            r="14"
          />
          <image
            height="19.79898987322333"
            href="https://assets-global.website-files.com/5dfb2c5f5b18187014b68b84/5e2e0ec72ca1f70c12148ea4_CR5gILun.png"
            width="19.79898987322333"
            x="75.1018960316683"
            y="-26.807322844676158"
          />
        </g>
      </g>
      <g
        class="StyledGroup-sc-dipbco-0 jccckg"
        opacity="0.3"
      >
        <g
          aria-label="PACT"
          class="techIcon-PACT"
          title="PACT"
        >
          <circle
            cx="85.00139096827998"
            cy="16.907827908064448"
            fill="white"
            r="14"
          />
          <image
            height="19.79898987322333"
            href="https://pbs.twimg.com/profile_images/1326371726301798402/WxukgT47.png"
            width="19.79898987322333"
            x="75.10189603166832"
            y="7.0083329714527824"
          />
        </g>
      </g>
      <g
        class="StyledGroup-sc-dipbco-0 jccckg"
        opacity="0.3"
      >
        <g
          aria-label="GCP"
          class="techIcon-GCP"
          title="GCP"
        >
          <circle
            cx="277.12812921102034"
            cy="160"
            fill="white"
            r="14"
          />
          <image
            height="19.79898987322333"
            href="https://img.icons8.com/color/452/google-cloud.png"
            width="19.79898987322333"
            x="267.22863427440865"
            y="150.10050506338834"
          />
        </g>
      </g>
      <g
        class="StyledGroup-sc-dipbco-0 jccckg"
        opacity="0.3"
      >
        <g
          aria-label="Kubernetes"
          class="techIcon-Kubernetes"
          title="Kubernetes"
        >
          <circle
            cx="226.27416997969527"
            cy="226.27416997969516"
            fill="white"
            r="14"
          />
          <image
            height="19.79898987322333"
            href="https://img.icons8.com/color/452/kubernetes.png"
            width="19.79898987322333"
            x="216.3746750430836"
            y="216.3746750430835"
          />
        </g>
      </g>
      <g
        class="StyledGroup-sc-dipbco-0 jccckg"
        opacity="0.3"
      >
        <g
          aria-label="Serverless"
          class="techIcon-Serverless"
          title="Serverless"
        >
          <circle
            cx="159.99999999999991"
            cy="277.12812921102045"
            fill="white"
            r="14"
          />
          <image
            height="19.79898987322333"
            href="https://getcommandeer.com/_nuxt/img/4a7600a.png"
            width="19.79898987322333"
            x="150.10050506338825"
            y="267.22863427440876"
          />
        </g>
      </g>
      <g
        class="StyledGroup-sc-dipbco-0 jccckg"
        opacity="0.3"
      >
        <g
          aria-label="OpenShift"
          class="techIcon-OpenShift"
          title="OpenShift"
        >
          <circle
            cx="216.18209919866172"
            cy="144.44826058509665"
            fill="white"
            r="14"
          />
          <image
            height="19.79898987322333"
            href="https://banner2.cleanpng.com/20181107/zw/kisspng-openshift-logo-red-hat-software-minishift-computer-5be36e7bd474f7.2753397215416316118702.jpg"
            width="19.79898987322333"
            x="206.28260426205006"
            y="134.548765648485"
          />
        </g>
      </g>
      <g
        class="StyledGroup-sc-dipbco-0 jccckg"
        opacity="0.3"
      >
        <g
          aria-label="Grafana"
          class="techIcon-Grafana"
          title="Grafana"
        >
          <circle
            cx="144.4482605850964"
            cy="216.1820991986619"
            fill="white"
            r="14"
          />
          <image
            height="19.79898987322333"
            href="https://docs.checkmk.com/latest/images/grafana_logo.png"
            width="19.79898987322333"
            x="134.54876564848473"
            y="206.28260426205023"
          />
        </g>
      </g>
      <g
        class="StyledGroup-sc-dipbco-0 jccckg"
        opacity="0.3"
      >
        <g
          aria-label="AWS"
          class="techIcon-AWS"
          title="AWS"
        >
          <circle
            cx="176.09183210283587"
            cy="101.66666666666667"
            fill="white"
            r="14"
          />
          <image
            height="19.79898987322333"
            href="https://img.icons8.com/color/452/amazon-web-services.png"
            width="19.79898987322333"
            x="166.1923371662242"
            y="91.76717173005501"
          />
        </g>
      </g>
      <g
        class="StyledGroup-sc-dipbco-0 jccckg"
        opacity="0.3"
      >
        <g
          aria-label="Azure"
          class="techIcon-Azure"
          title="Azure"
        >
          <circle
            cx="143.7783788412647"
            cy="143.77837884126464"
            fill="white"
            r="14"
          />
          <image
            height="19.79898987322333"
            href="https://img.icons8.com/color/452/azure-1.png"
            width="19.79898987322333"
            x="133.87888390465304"
            y="133.87888390465298"
          />
        </g>
      </g>
      <g
        class="StyledGroup-sc-dipbco-0 jccckg"
        opacity="0.3"
      >
        <g
          aria-label="PCF"
          class="techIcon-PCF"
          title="PCF"
        >
          <circle
            cx="101.66666666666661"
            cy="176.0918321028359"
            fill="white"
            r="14"
          />
          <image
            height="19.79898987322333"
            href="https://avatars.githubusercontent.com/u/5497370?s=200&v=4"
            width="19.79898987322333"
            x="91.76717173005495"
            y="166.19233716622423"
          />
        </g>
      </g>
      <g
        class="StyledGroup-sc-dipbco-0 jccckg"
        opacity="0.3"
      >
        <g
          aria-label="Digital Ocean"
          class="techIcon-Digital Ocean"
          title="Digital Ocean"
        >
          <circle
            cx="72.06069973288724"
            cy="48.14942019503222"
            fill="white"
            r="14"
          />
          <image
            height="19.79898987322333"
            href="https://pbs.twimg.com/profile_images/1410636343944880136/w8dxKEmg_400x400.jpg"
            width="19.79898987322333"
            x="62.16120479627558"
            y="38.249925258420554"
          />
        </g>
      </g>
      <g
        class="StyledGroup-sc-dipbco-0 jccckg"
        opacity="0.3"
      >
        <g
          aria-label="PKS"
          class="techIcon-PKS"
          title="PKS"
        >
          <circle
            cx="48.149420195032135"
            cy="72.0606997328873"
            fill="white"
            r="14"
          />
          <image
            height="19.79898987322333"
            href="https://blogs.vmware.com/virtualblocks/files/2018/08/PKS-2.png"
            width="19.79898987322333"
            x="38.24992525842047"
            y="62.161204796275634"
          />
        </g>
      </g>
      <g
        class="StyledGroup-sc-dipbco-0 jccckg"
        opacity="0.3"
      >
        <g
          aria-label="Rest"
          class="techIcon-Rest"
          title="Rest"
        >
          <circle
            cx="82.82209443280692"
            cy="309.0962644125018"
            fill="white"
            r="14"
          />
          <image
            height="19.79898987322333"
            href="https://miro.medium.com/max/300/1*1RDFnS8FgAOQFegtuynxWw.png"
            width="19.79898987322333"
            x="72.92259949619526"
            y="299.1967694758901"
          />
        </g>
      </g>
      <g
        class="StyledGroup-sc-dipbco-0 jccckg"
        opacity="0.3"
      >
        <g
          aria-label="Camel"
          class="techIcon-Camel"
          title="Camel"
        >
          <circle
            cx="3.821888382358283e-13"
            cy="320"
            fill="white"
            r="14"
          />
          <image
            height="19.79898987322333"
            href="https://camel.apache.org/_/img/logo-d.svg"
            width="19.79898987322333"
            x="-9.899494936611283"
            y="310.1005050633883"
          />
        </g>
      </g>
      <g
        class="StyledGroup-sc-dipbco-0 jccckg"
        opacity="0.3"
      >
        <g
          aria-label="gRPC"
          class="techIcon-gRPC"
          title="gRPC"
        >
          <circle
            cx="-82.82209443280647"
            cy="309.0962644125019"
            fill="white"
            r="14"
          />
          <image
            height="19.79898987322333"
            href="https://docs.konghq.com/assets/images/icons/hub/kong-inc_grpc-gateway.png"
            width="19.79898987322333"
            x="-92.72158936941813"
            y="299.1967694758902"
          />
        </g>
      </g>
      <g
        class="StyledGroup-sc-dipbco-0 jccckg"
        opacity="0.3"
      >
        <g
          aria-label="Kafka"
          class="techIcon-Kafka"
          title="Kafka"
        >
          <circle
            cx="7.960204194457796e-14"
            cy="260"
            fill="white"
            r="14"
          />
          <image
            height="19.79898987322333"
            href="https://e7.pngegg.com/pngimages/435/297/png-clipart-kafka-logo-icons-logos-emojis-tech-companies-thumbnail.png"
            width="19.79898987322333"
            x="-9.899494936611585"
            y="250.10050506338834"
          />
        </g>
      </g>
      <g
        class="StyledGroup-sc-dipbco-0 jccckg"
        opacity="0.3"
      >
        <g
          aria-label="ActiveMQ"
          class="techIcon-ActiveMQ"
          title="ActiveMQ"
        >
          <circle
            cx="39.668365476612856"
            cy="199.42634034865685"
            fill="white"
            r="14"
          />
          <image
            height="19.79898987322333"
            href="https://symbols.getvecta.com/stencil_73/17_activemq-icon.998ecace10.svg"
            width="19.79898987322333"
            x="29.76887054000119"
            y="189.5268454120452"
          />
        </g>
      </g>
      <g
        class="StyledGroup-sc-dipbco-0 jccckg"
        opacity="0.3"
      >
        <g
          aria-label="IBM MQ"
          class="techIcon-IBM MQ"
          title="IBM MQ"
        >
          <circle
            cx="-39.66836547661256"
            cy="199.4263403486569"
            fill="white"
            r="14"
          />
          <image
            height="19.79898987322333"
            href="https://anypoint.mulesoft.com/exchange/organizations/68ef9520-24e9-4cf2-b2f5-620025690913/assets/com.mulesoft.connectors/mule-ibm-mq-connector/icon/svg/?sha=97c7ca8fde33f64f5da710f17de072de73f67b11"
            width="19.79898987322333"
            x="-49.567860413224224"
            y="189.52684541204525"
          />
        </g>
      </g>
      <g
        class="StyledGroup-sc-dipbco-0 jccckg"
        opacity="0.3"
      >
        <g
          aria-label="GraphQL"
          class="techIcon-GraphQL"
          title="GraphQL"
        >
          <circle
            cx="2.653401398152599e-14"
            cy="86.66666666666667"
            fill="white"
            r="14"
          />
          <image
            height="19.79898987322333"
            href="https://i0.wp.com/storage.googleapis.com/blog-images-backup/1*rmWsDg6J6PtLVOhXb3zr7w.png"
            width="19.79898987322333"
            x="-9.899494936611639"
            y="76.76717173005501"
          />
        </g>
      </g>
      <g
        class="StyledGroup-sc-dipbco-0 jccckg"
        opacity="0.3"
      >
        <g
          aria-label="Java"
          class="techIcon-Java"
          title="Java"
        >
          <circle
            cx="-160.00000000000026"
            cy="277.1281292110202"
            fill="white"
            r="14"
          />
          <image
            height="19.79898987322333"
            href="https://img.icons8.com/color/452/java-coffee-cup-logo.png"
            width="19.79898987322333"
            x="-169.89949493661192"
            y="267.22863427440853"
          />
        </g>
      </g>
      <g
        class="StyledGroup-sc-dipbco-0 jccckg"
        opacity="0.3"
      >
        <g
          aria-label="Node"
          class="techIcon-Node"
          title="Node"
        >
          <circle
            cx="-226.27416997969533"
            cy="226.27416997969507"
            fill="white"
            r="14"
          />
          <image
            height="19.79898987322333"
            href="https://img.icons8.com/fluency/48/000000/node-js.png"
            width="19.79898987322333"
            x="-236.173664916307"
            y="216.3746750430834"
          />
        </g>
      </g>
      <g
        class="StyledGroup-sc-dipbco-0 jccckg"
        opacity="0.3"
      >
        <g
          aria-label="Go"
          class="techIcon-Go"
          title="Go"
        >
          <circle
            cx="-277.12812921102045"
            cy="159.99999999999994"
            fill="white"
            r="14"
          />
          <image
            height="19.79898987322333"
            href="https://img.icons8.com/color/344/golang.png"
            width="19.79898987322333"
            x="-287.02762414763214"
            y="150.10050506338828"
          />
        </g>
      </g>
      <g
        class="StyledGroup-sc-dipbco-0 jccckg"
        opacity="0.3"
      >
        <g
          aria-label="Scala"
          class="techIcon-Scala"
          title="Scala"
        >
          <circle
            cx="-144.44826058509645"
            cy="216.18209919866186"
            fill="white"
            r="14"
          />
          <image
            height="19.79898987322333"
            href="https://www.scala-lang.org/resources/img/frontpage/scala-spiral.png"
            width="19.79898987322333"
            x="-154.3477555217081"
            y="206.2826042620502"
          />
        </g>
      </g>
      <g
        class="StyledGroup-sc-dipbco-0 jccckg"
        opacity="0.3"
      >
        <g
          aria-label="Gradle"
          class="techIcon-Gradle"
          title="Gradle"
        >
          <circle
            cx="-216.18209919866175"
            cy="144.4482605850966"
            fill="white"
            r="14"
          />
          <image
            height="19.79898987322333"
            href="https://gradle.org/images/gradle-knowledge-graph-logo.png?20170228"
            width="19.79898987322333"
            x="-226.0815941352734"
            y="134.54876564848493"
          />
        </g>
      </g>
      <g
        class="StyledGroup-sc-dipbco-0 jccckg"
        opacity="0.3"
      >
        <g
          aria-label="Python"
          class="techIcon-Python"
          title="Python"
        >
          <circle
            cx="-112.96594738065235"
            cy="169.06548783485093"
            fill="white"
            r="14"
          />
          <image
            height="19.79898987322333"
            href="https://img.icons8.com/color/452/python.png"
            width="19.79898987322333"
            x="-122.86544231726401"
            y="159.16599289823927"
          />
        </g>
      </g>
      <g
        class="StyledGroup-sc-dipbco-0 jccckg"
        opacity="0.3"
      >
        <g
          aria-label="Groovy"
          class="techIcon-Groovy"
          title="Groovy"
        >
          <circle
            cx="-169.06548783485084"
            cy="112.96594738065247"
            fill="white"
            r="14"
          />
          <image
            height="19.79898987322333"
            href="https://upload.wikimedia.org/wikipedia/commons/thumb/3/36/Groovy-logo.svg/445px-Groovy-logo.svg.png"
            width="19.79898987322333"
            x="-178.9649827714625"
            y="103.0664524440408"
          />
        </g>
      </g>
      <g
        class="StyledGroup-sc-dipbco-0 jccckg"
        opacity="0.3"
      >
        <g
          aria-label="Kotlin"
          class="techIcon-Kotlin"
          title="Kotlin"
        >
          <circle
            cx="-61.28258770283416"
            cy="61.282587702834086"
            fill="white"
            r="14"
          />
          <image
            height="19.79898987322333"
            href="https://img.icons8.com/color/344/kotlin.png"
            width="19.79898987322333"
            x="-71.18208263944582"
            y="51.38309276622242"
          />
        </g>
      </g>
      <g
        class="StyledGroup-sc-dipbco-0 jccckg"
        opacity="0.3"
      >
        <g
          aria-label="React"
          class="techIcon-React"
          title="React"
        >
          <circle
            cx="-309.09626441250185"
            cy="82.82209443280665"
            fill="white"
            r="14"
          />
          <image
            height="19.79898987322333"
            href="https://img.icons8.com/color/452/react-native.png"
            width="19.79898987322333"
            x="-318.99575934911354"
            y="72.92259949619499"
          />
        </g>
      </g>
      <g
        class="StyledGroup-sc-dipbco-0 jccckg"
        opacity="0.3"
      >
        <g
          aria-label="Angular"
          class="techIcon-Angular"
          title="Angular"
        >
          <circle
            cx="-320"
            cy="1.175660927181459e-13"
            fill="white"
            r="14"
          />
          <image
            height="19.79898987322333"
            href="https://img.icons8.com/color/452/angularjs.png"
            width="19.79898987322333"
            x="-329.8994949366117"
            y="-9.899494936611548"
          />
        </g>
      </g>
      <g
        class="StyledGroup-sc-dipbco-0 jccckg"
        opacity="0.3"
      >
        <g
          aria-label="TypeScript"
          class="techIcon-TypeScript"
          title="TypeScript"
        >
          <circle
            cx="-309.0962644125019"
            cy="-82.82209443280644"
            fill="white"
            r="14"
          />
          <image
            height="19.79898987322333"
            href="https://img.icons8.com/color/452/typescript.png"
            width="19.79898987322333"
            x="-318.9957593491136"
            y="-92.7215893694181"
          />
        </g>
      </g>
      <g
        class="StyledGroup-sc-dipbco-0 jccckg"
        opacity="0.3"
      >
        <g
          aria-label="Flutter"
          class="techIcon-Flutter"
          title="Flutter"
        >
          <circle
            cx="-85.00139096827995"
            cy="16.907827908064576"
            fill="white"
            r="14"
          />
          <image
            height="19.79898987322333"
            href="https://img.icons8.com/color/452/flutter.png"
            width="19.79898987322333"
            x="-94.90088590489161"
            y="7.00833297145291"
          />
        </g>
      </g>
      <g
        class="StyledGroup-sc-dipbco-0 jccckg"
        opacity="0.3"
      >
        <g
          aria-label="Vue"
          class="techIcon-Vue"
          title="Vue"
        >
          <circle
            cx="-85.00139096827999"
            cy="-16.907827908064363"
            fill="white"
            r="14"
          />
          <image
            height="19.79898987322333"
            href="https://img.icons8.com/color/344/vue-js.png"
            width="19.79898987322333"
            x="-94.90088590489165"
            y="-26.80732284467603"
          />
        </g>
      </g>
      <g
        class="StyledGroup-sc-dipbco-0 jccckg"
        opacity="0.3"
      >
        <g
          aria-label="React Native"
          class="techIcon-React Native"
          title="React Native"
        >
          <circle
            cx="-266.0702759368146"
            cy="-177.78247456627255"
            fill="white"
            r="14"
          />
          <image
            height="19.79898987322333"
            href="https://img.icons8.com/color/452/react-native.png"
            width="19.79898987322333"
            x="-275.9697708734263"
            y="-187.68196950288421"
          />
        </g>
      </g>
      <g
        class="StyledGroup-sc-dipbco-0 jccckg"
        opacity="0.3"
      >
        <g
          aria-label="Gradle Mobile"
          class="techIcon-Gradle Mobile"
          title="Gradle Mobile"
        >
          <circle
            cx="-177.78247456627275"
            cy="-266.0702759368144"
            fill="white"
            r="14"
          />
          <image
            height="19.79898987322333"
            href="https://gradle.org/images/gradle-knowledge-graph-logo.png?20170228"
            width="19.79898987322333"
            x="-187.6819695028844"
            y="-275.9697708734261"
          />
        </g>
      </g>
      <g
        class="StyledGroup-sc-dipbco-0 jccckg"
        opacity="0.3"
      >
        <g
          aria-label="Swift"
          class="techIcon-Swift"
          title="Swift"
        >
          <circle
            cx="-176.09183210283578"
            cy="-101.66666666666681"
            fill="white"
            r="14"
          />
          <image
            height="19.79898987322333"
            href="https://img.icons8.com/fluent/452/swift.png"
            width="19.79898987322333"
            x="-185.99132703944744"
            y="-111.56616160327847"
          />
        </g>
      </g>
      <g
        class="StyledGroup-sc-dipbco-0 jccckg"
        opacity="0.3"
      >
        <g
          aria-label="Kotlin"
          class="techIcon-Kotlin"
          title="Kotlin"
        >
          <circle
            cx="-143.77837884126458"
            cy="-143.77837884126475"
            fill="white"
            r="14"
          />
          <image
            height="19.79898987322333"
            href="https://img.icons8.com/color/344/kotlin.png"
            width="19.79898987322333"
            x="-153.67787377787624"
            y="-153.6778737778764"
          />
        </g>
      </g>
      <g
        class="StyledGroup-sc-dipbco-0 jccckg"
        opacity="0.3"
      >
        <g
          aria-label="Java Mobile"
          class="techIcon-Java Mobile"
          title="Java Mobile"
        >
          <circle
            cx="-101.66666666666664"
            cy="-176.09183210283587"
            fill="white"
            r="14"
          />
          <image
            height="19.79898987322333"
            href="https://img.icons8.com/color/452/java-coffee-cup-logo.png"
            width="19.79898987322333"
            x="-111.5661616032783"
            y="-185.99132703944753"
          />
        </g>
      </g>
      <g
        class="StyledGroup-sc-dipbco-0 jccckg"
        opacity="0.3"
      >
        <g
          aria-label="Ionic"
          class="techIcon-Ionic"
          title="Ionic"
        >
          <circle
            cx="-101.35197197007176"
            cy="-101.35197197007187"
            fill="white"
            r="14"
          />
          <image
            height="19.79898987322333"
            href="https://img.icons8.com/ios-filled/452/ionic.png"
            width="19.79898987322333"
            x="-111.25146690668342"
            y="-111.25146690668353"
          />
        </g>
      </g>
      <g
        class="StyledGroup-sc-dipbco-0 jccckg"
        opacity="0.3"
      >
        <g
          aria-label="Flutter"
          class="techIcon-Flutter"
          title="Flutter"
        >
          <circle
            cx="-61.282587702834086"
            cy="-61.28258770283416"
            fill="white"
            r="14"
          />
          <image
            height="19.79898987322333"
            href="https://img.icons8.com/color/452/flutter.png"
            width="19.79898987322333"
            x="-71.18208263944575"
            y="-71.18208263944582"
          />
        </g>
      </g>
    </g>
  </svg>
</div>
`;
