// Jest Snapshot v1, https://goo.gl/fbAQLP

exports[`Radar should render Radar component 1`] = `
.c2 image {
  -webkit-transition: 0.3s;
  transition: 0.3s;
  -webkit-transform-origin: 50% 50%;
  -ms-transform-origin: 50% 50%;
  transform-origin: 50% 50%;
  -webkit-transform-box: fill-box;
  -ms-transform-box: fill-box;
  transform-box: fill-box;
}

.c2 circle {
  -webkit-transform-origin: 50% 50%;
  -ms-transform-origin: 50% 50%;
  transform-origin: 50% 50%;
  -webkit-transition: 0.3s;
  transition: 0.3s;
  -webkit-transform-box: fill-box;
  -ms-transform-box: fill-box;
  transform-box: fill-box;
}

.c2:hover image {
  -webkit-transform: scale(2);
  -ms-transform: scale(2);
  transform: scale(2);
  -webkit-transform-origin: 50% 50%;
  -ms-transform-origin: 50% 50%;
  transform-origin: 50% 50%;
  -webkit-transition: 0.3s;
  transition: 0.3s;
}

.c2:hover circle {
  -webkit-transform: scale(2);
  -ms-transform: scale(2);
  transform: scale(2);
  -webkit-transform-origin: 50% 50%;
  -ms-transform-origin: 50% 50%;
  transform-origin: 50% 50%;
  -webkit-transition: 0.3s;
  transition: 0.3s;
}

.c0 {
  margin-top: -110px;
  width: 50vw;
  display: inline-block;
}

.c0 .arc:hover {
  cursor: pointer;
  -webkit-transition: 0.7s;
  transition: 0.7s;
}

.c0 g {
  cursor: pointer;
}

.c0 g.no-content {
  cursor: default;
}

.c1 {
  cursor: pointer;
  -webkit-animation: fadeIn 5s;
  animation: fadeIn 5s;
  -webkit-animation: fadeIn 4s;
}

.c1 path {
  -webkit-transition: all 0.3s ease-in-out;
  transition: all 0.3s ease-in-out;
  opacity: 0;
  -webkit-transform-origin: -10% 0%;
  -ms-transform-origin: -10% 0%;
  transform-origin: -10% 0%;
}

.c1:hover path {
  opacity: 1;
  -webkit-transform-origin: 0% 0%;
  -ms-transform-origin: 0% 0%;
  transform-origin: 0% 0%;
}

.c1:hover text {
  -webkit-text-decoration: underline;
  text-decoration: underline;
}

@media screen and (max-width:1000px) {
  .c0 {
    display: none;
  }
}

<div
  class="c0"
>
  <svg
    style="overflow: visible;"
    viewBox="0 0 900 900"
  >
    <g
      transform="translate(450 450)"
    >
      <circle
        cx="0"
        cy="0"
        fill="#e6236d"
        opacity="1"
        r="116.66666666666667"
      />
      <circle
        cx="0"
        cy="0"
        fill="#e6236d"
        opacity="1"
        r="233.33333333333334"
      />
      <circle
        cx="0"
        cy="0"
        fill="#850334"
        opacity="0.9"
        r="116.66666666666667"
      />
      <circle
        cx="0"
        cy="0"
        fill="#e6236d"
        opacity="0.9"
        r="350"
      />
      <circle
        cx="0"
        cy="0"
        fill="#850334"
        opacity="0.9"
        r="233.33333333333334"
      />
      <line
        stroke="white"
        stroke-width="0.2"
        transform="rotate(22.5)"
        x1="0"
        y1="0"
        y2="350"
      />
      <line
        stroke="white"
        stroke-width="0.2"
        transform="rotate(67.5)"
        x1="0"
        y1="0"
        y2="350"
      />
      <line
        stroke="white"
        stroke-width="0.2"
        transform="rotate(112.5)"
        x1="0"
        y1="0"
        y2="350"
      />
      <line
        stroke="white"
        stroke-width="0.2"
        transform="rotate(157.5)"
        x1="0"
        y1="0"
        y2="350"
      />
      <line
        stroke="white"
        stroke-width="0.2"
        transform="rotate(202.5)"
        x1="0"
        y1="0"
        y2="350"
      />
      <line
        stroke="white"
        stroke-width="0.2"
        transform="rotate(247.5)"
        x1="0"
        y1="0"
        y2="350"
      />
      <line
        stroke="white"
        stroke-width="0.2"
        transform="rotate(292.5)"
        x1="0"
        y1="0"
        y2="350"
      />
      <line
        stroke="white"
        stroke-width="0.2"
        transform="rotate(337.5)"
        x1="0"
        y1="0"
        y2="350"
      />
      <g
        class="c1"
        transform="translate(-69.99999999999997, -410)"
      >
        <image
          height="50"
          href="devops.svg"
          width="50"
          x="0"
          y="0"
        />
        <text
          class="DevOps"
          fill="white"
          font-size="20"
          font-weight="700"
          text-anchor="start"
          x="60"
          y="30"
        >
          DevOps
        </text>
        <path
          d="M5.88 4.12L13.76 12l-7.88 7.88L8 22l10-10L8 2z"
          fill="white"
          scale="0.5"
          transform="translate(110,17) scale(0.6)"
        />
      </g>
      <g
        class="c1"
        transform="translate(262.842712474619, -282.84271247461896)"
      >
        <image
          height="50"
          href="databases.svg"
          width="50"
          x="0"
          y="0"
        />
        <text
          class="Data Engineering"
          fill="white"
          font-size="20"
          font-weight="700"
          text-anchor="start"
          x="60"
          y="30"
        >
          Data Engineering
        </text>
        <path
          d="M5.88 4.12L13.76 12l-7.88 7.88L8 22l10-10L8 2z"
          fill="white"
          scale="0.5"
          transform="translate(170,17) scale(0.6)"
        />
      </g>
      <g
        class="c1"
        transform="translate(380, 0)"
      >
        <image
          height="50"
          href="quality.svg"
          width="50"
          x="0"
          y="0"
        />
        <text
          class="Quality Engineering"
          fill="white"
          font-size="20"
          font-weight="700"
          text-anchor="start"
          x="60"
          y="30"
        >
          Quality Engineering
        </text>
        <path
          d="M5.88 4.12L13.76 12l-7.88 7.88L8 22l10-10L8 2z"
          fill="white"
          scale="0.5"
          transform="translate(200,17) scale(0.6)"
        />
      </g>
      <g
        class="c1"
        transform="translate(262.842712474619, 282.84271247461896)"
      >
        <image
          height="50"
          href="cloud.svg"
          width="50"
          x="0"
          y="0"
        />
        <text
          class="Cloud & Platforms"
          fill="white"
          font-size="20"
          font-weight="700"
          text-anchor="start"
          x="60"
          y="30"
        >
          Cloud & Platforms
        </text>
        <path
          d="M5.88 4.12L13.76 12l-7.88 7.88L8 22l10-10L8 2z"
          fill="white"
          scale="0.5"
          transform="translate(180,17) scale(0.6)"
        />
      </g>
      <g
        class="c1"
        transform="translate(-89.99999999999997, 360)"
      >
        <image
          height="50"
          href="integration.svg"
          width="50"
          x="0"
          y="0"
        />
        <text
          class="Integration"
          fill="white"
          font-size="20"
          font-weight="700"
          text-anchor="start"
          x="60"
          y="30"
        >
          Integration
        </text>
        <path
          d="M5.88 4.12L13.76 12l-7.88 7.88L8 22l10-10L8 2z"
          fill="white"
          scale="0.5"
          transform="translate(160,17) scale(0.6)"
        />
      </g>
      <g
        class="c1"
        transform="translate(-402.84271247461896, 282.842712474619)"
      >
        <image
          height="50"
          href="backend.svg"
          width="50"
          x="0"
          y="0"
        />
        <text
          class="Backend"
          fill="white"
          font-size="20"
          font-weight="700"
          text-anchor="start"
          x="60"
          y="30"
        >
          Backend
        </text>
        <path
          d="M5.88 4.12L13.76 12l-7.88 7.88L8 22l10-10L8 2z"
          fill="white"
          scale="0.5"
          transform="translate(120,17) scale(0.6)"
        />
      </g>
      <g
        class="c1"
        transform="translate(-520, 4.898587196589413e-14)"
      >
        <image
          height="50"
          href="frontend.svg"
          width="50"
          x="0"
          y="0"
        />
        <text
          class="Frontend"
          fill="white"
          font-size="20"
          font-weight="700"
          text-anchor="start"
          x="60"
          y="30"
        >
          Frontend
        </text>
        <path
          d="M5.88 4.12L13.76 12l-7.88 7.88L8 22l10-10L8 2z"
          fill="white"
          scale="0.5"
          transform="translate(130,17) scale(0.6)"
        />
      </g>
      <g
        class="c1"
        transform="translate(-402.8427124746191, -282.84271247461896)"
      >
        <image
          height="50"
          href="mobile.svg"
          width="50"
          x="0"
          y="0"
        />
        <text
          class="Mobile"
          fill="white"
          font-size="20"
          font-weight="700"
          text-anchor="start"
          x="60"
          y="30"
        >
          Mobile
        </text>
        <path
          d="M5.88 4.12L13.76 12l-7.88 7.88L8 22l10-10L8 2z"
          fill="white"
          scale="0.5"
          transform="translate(110,17) scale(0.6)"
        />
      </g>
      <g
        transform=""
      >
        <text
          fill="white"
          font-size="16"
          font-weight="bold"
          opacity="1"
          text-anchor="middle"
          y="-58.333333333333336"
        >
          scaling
        </text>
      </g>
      <g
        transform=""
      >
        <text
          fill="white"
          font-size="16"
          font-weight="bold"
          opacity="1"
          text-anchor="middle"
          y="-175"
        >
          skilled
        </text>
      </g>
      <g
        transform=""
      >
        <text
          fill="white"
          font-size="16"
          font-weight="bold"
          opacity="1"
          text-anchor="middle"
          y="-291.6666666666667"
        >
          preferred
        </text>
      </g>
      <g
        transform=""
      >
        <text
          fill="white"
          font-size="16"
          font-weight="bold"
          opacity="1"
          text-anchor="middle"
          y="58.333333333333336"
        >
          scaling
        </text>
      </g>
      <g
        transform=""
      >
        <text
          fill="white"
          font-size="16"
          font-weight="bold"
          opacity="1"
          text-anchor="middle"
          y="175"
        >
          skilled
        </text>
      </g>
      <g
        transform=""
      >
        <text
          fill="white"
          font-size="16"
          font-weight="bold"
          opacity="1"
          text-anchor="middle"
          y="291.6666666666667"
        >
          preferred
        </text>
      </g>
      <g>
        <text
          fill="white"
          font-size="16"
          font-weight="bold"
          opacity="1"
          text-anchor="middle"
          x="-58.333333333333336"
          y="0"
        >
          scaling
        </text>
      </g>
      <g>
        <text
          fill="white"
          font-size="16"
          font-weight="bold"
          opacity="1"
          text-anchor="middle"
          x="-175"
          y="0"
        >
          skilled
        </text>
      </g>
      <g>
        <text
          fill="white"
          font-size="16"
          font-weight="bold"
          opacity="1"
          text-anchor="middle"
          x="-291.6666666666667"
          y="0"
        >
          preferred
        </text>
      </g>
      <g>
        <text
          fill="white"
          font-size="16"
          font-weight="bold"
          opacity="1"
          text-anchor="middle"
          x="58.333333333333336"
          y="0"
        >
          scaling
        </text>
      </g>
      <g>
        <text
          fill="white"
          font-size="16"
          font-weight="bold"
          opacity="1"
          text-anchor="middle"
          x="175"
          y="0"
        >
          skilled
        </text>
      </g>
      <g>
        <text
          fill="white"
          font-size="16"
          font-weight="bold"
          opacity="1"
          text-anchor="middle"
          x="291.6666666666667"
          y="0"
        >
          preferred
        </text>
      </g>
      <path
        class="arc DevOps-segment"
        d="M-133.9392013277814,-323.35783637895037A350,350,0,0,1,133.93920132778143,-323.35783637895037L0,0Z"
        data-test-id="DevOps-arc"
        fill="rgb(235, 35, 109, 0.3)"
      />
      <path
        class="arc Data Engineering-segment"
        d="M133.93920132778143,-323.35783637895037A350,350,0,0,1,323.35783637895037,-133.93920132778143L0,0Z"
        data-test-id="Data Engineering-arc"
        fill="transparent"
      />
      <path
        class="arc Quality Engineering-segment"
        d="M323.35783637895037,-133.93920132778143A350,350,0,0,1,323.35783637895037,133.93920132778143L0,0Z"
        data-test-id="Quality Engineering-arc"
        fill="transparent"
      />
      <path
        class="arc Cloud & Platforms-segment"
        d="M323.35783637895037,133.93920132778143A350,350,0,0,1,133.93920132778143,323.35783637895037L0,0Z"
        data-test-id="Cloud & Platforms-arc"
        fill="transparent"
      />
      <path
        class="arc Integration-segment"
        d="M133.93920132778143,323.35783637895037A350,350,0,0,1,-133.9392013277814,323.35783637895037L0,0Z"
        data-test-id="Integration-arc"
        fill="transparent"
      />
      <path
        class="arc Backend-segment"
        d="M-133.9392013277814,323.35783637895037A350,350,0,0,1,-323.35783637895025,133.9392013277816L0,0Z"
        data-test-id="Backend-arc"
        fill="transparent"
      />
      <path
        class="arc Frontend-segment"
        d="M-323.35783637895025,133.9392013277816A350,350,0,0,1,-323.3578363789503,-133.93920132778152L0,0Z"
        data-test-id="Frontend-arc"
        fill="transparent"
      />
      <path
        class="arc Mobile-segment"
        d="M-323.3578363789503,-133.93920132778152A350,350,0,0,1,-133.93920132778163,-323.35783637895025L0,0Z"
        data-test-id="Mobile-arc"
        fill="transparent"
      />
      <g
        class="c2"
        opacity="1"
      >
        <g
          aria-label="GitHub"
          class="techIcon-GitHub undefined"
          title="GitHub"
        >
          <circle
            cx="-82.82209443280689"
            cy="-309.0962644125018"
            fill="white"
            r="12"
          />
          <image
            height="16.970562748477143"
            href="https://raw.githubusercontent.com/capcodigital/presentation-logos/master/tech-radar/devops/github_square.png"
            width="16.970562748477143"
            x="-91.30737580704546"
            y="-317.5815457867404"
          />
        </g>
      </g>
      <g
        class="c2"
        opacity="1"
      >
        <g
          aria-label="CircleCI"
          class="techIcon-CircleCI undefined"
          title="CircleCI"
        >
          <circle
            cx="-3.43000140663113e-13"
            cy="-320"
            fill="white"
            r="12"
          />
          <image
            height="16.970562748477143"
            href="https://raw.githubusercontent.com/capcodigital/presentation-logos/master/tech-radar/devops/circleci_square.png"
            width="16.970562748477143"
            x="-8.485281374238914"
            y="-328.4852813742386"
          />
        </g>
      </g>
      <g
        class="c2"
        opacity="1"
      >
        <g
          aria-label="Terraform"
          class="techIcon-Terraform undefined"
          title="Terraform"
        >
          <circle
            cx="82.8220944328065"
            cy="-309.0962644125019"
            fill="white"
            r="12"
          />
          <image
            height="16.970562748477143"
            href="https://raw.githubusercontent.com/capcodigital/presentation-logos/master/tech-radar/devops/terraform_square.png"
            width="16.970562748477143"
            x="74.33681305856793"
            y="-317.5815457867405"
          />
        </g>
      </g>
      <g
        class="c2"
        opacity="1"
      >
        <g
          aria-label="Vault"
          class="techIcon-Vault undefined"
          title="Vault"
        >
          <circle
            cx="-67.29295172665559"
            cy="-251.1407148351577"
            fill="white"
            r="12"
          />
          <image
            height="16.970562748477143"
            href="https://raw.githubusercontent.com/capcodigital/presentation-logos/master/tech-radar/devops/vault_square.png"
            width="16.970562748477143"
            x="-75.77823310089416"
            y="-259.62599620939625"
          />
        </g>
      </g>
      <g
        class="c2"
        opacity="1"
      >
        <g
          aria-label="SonarQube"
          class="techIcon-SonarQube undefined"
          title="SonarQube"
        >
          <circle
            cx="-2.786876142887793e-13"
            cy="-260"
            fill="white"
            r="12"
          />
          <image
            height="16.970562748477143"
            href="https://raw.githubusercontent.com/capcodigital/presentation-logos/master/tech-radar/devops/sonarqube_square.png"
            width="16.970562748477143"
            x="-8.48528137423885"
            y="-268.4852813742386"
          />
        </g>
      </g>
      <g
        class="c2"
        opacity="1"
      >
        <g
          aria-label="Elastic"
          class="techIcon-Elastic undefined"
          title="Elastic"
        >
          <circle
            cx="67.29295172665528"
            cy="-251.14071483515778"
            fill="white"
            r="12"
          />
          <image
            height="16.970562748477143"
            href="https://raw.githubusercontent.com/capcodigital/presentation-logos/master/tech-radar/devops/elastic_stack_square.png"
            width="16.970562748477143"
            x="58.80767035241671"
            y="-259.62599620939636"
          />
        </g>
      </g>
      <g
        class="c2"
        opacity="1"
      >
        <g
          aria-label="Bitbucket"
          class="techIcon-Bitbucket undefined"
          title="Bitbucket"
        >
          <circle
            cx="-52.626539170846044"
            cy="-196.40491801211053"
            fill="white"
            r="12"
          />
          <image
            height="16.970562748477143"
            href="https://raw.githubusercontent.com/capcodigital/presentation-logos/master/tech-radar/devops/bitbucket_square.png"
            width="16.970562748477143"
            x="-61.11182054508461"
            y="-204.8901993863491"
          />
        </g>
      </g>
      <g
        class="c2"
        opacity="1"
      >
        <g
          aria-label="Jenkins"
          class="techIcon-Jenkins undefined"
          title="Jenkins"
        >
          <circle
            cx="-2.1794800604635308e-13"
            cy="-203.33333333333334"
            fill="white"
            r="12"
          />
          <image
            height="16.970562748477143"
            href="https://raw.githubusercontent.com/capcodigital/presentation-logos/master/tech-radar/devops/jenkins_square.png"
            width="16.970562748477143"
            x="-8.48528137423879"
            y="-211.81861470757192"
          />
        </g>
      </g>
      <g
        class="c2"
        opacity="1"
      >
        <g
          aria-label="TeamCity"
          class="techIcon-TeamCity undefined"
          title="TeamCity"
        >
          <circle
            cx="52.626539170845795"
            cy="-196.40491801211058"
            fill="white"
            r="12"
          />
          <image
            height="16.970562748477143"
            href="https://raw.githubusercontent.com/capcodigital/presentation-logos/master/tech-radar/devops/teamcity_square.png"
            width="16.970562748477143"
            x="44.14125779660722"
            y="-204.89019938634917"
          />
        </g>
      </g>
      <g
        class="c2"
        opacity="1"
      >
        <g
          aria-label="Ansible"
          class="techIcon-Ansible undefined"
          title="Ansible"
        >
          <circle
            cx="-37.097396464694754"
            cy="-138.44936843476643"
            fill="white"
            r="12"
          />
          <image
            height="16.970562748477143"
            href="https://raw.githubusercontent.com/capcodigital/presentation-logos/master/tech-radar/devops/ansible_square.png"
            width="16.970562748477143"
            x="-45.58267783893332"
            y="-146.934649809005"
          />
        </g>
      </g>
      <g
        class="c2"
        opacity="1"
      >
        <g
          aria-label="Packer"
          class="techIcon-Packer undefined"
          title="Packer"
        >
          <circle
            cx="-1.5363547967201937e-13"
            cy="-143.33333333333334"
            fill="white"
            r="12"
          />
          <image
            height="16.970562748477143"
            href="https://raw.githubusercontent.com/capcodigital/presentation-logos/master/tech-radar/devops/packer_square.png"
            width="16.970562748477143"
            x="-8.485281374238724"
            y="-151.81861470757192"
          />
        </g>
      </g>
      <g
        class="c2"
        opacity="1"
      >
        <g
          aria-label="Docker"
          class="techIcon-Docker undefined"
          title="Docker"
        >
          <circle
            cx="37.097396464694576"
            cy="-138.44936843476648"
            fill="white"
            r="12"
          />
          <image
            height="16.970562748477143"
            href="https://raw.githubusercontent.com/capcodigital/presentation-logos/master/tech-radar/devops/docker_square.png"
            width="16.970562748477143"
            x="28.612115090456005"
            y="-146.93464980900507"
          />
        </g>
      </g>
      <g
        class="c2"
        opacity="1"
      >
        <g
          aria-label="Twistlock"
          class="techIcon-Twistlock undefined"
          title="Twistlock"
        >
          <circle
            cx="-22.4309839088852"
            cy="-83.71357161171925"
            fill="white"
            r="12"
          />
          <image
            height="16.970562748477143"
            href="https://raw.githubusercontent.com/capcodigital/presentation-logos/master/tech-radar/devops/twistlock_square.png"
            width="16.970562748477143"
            x="-30.91626528312377"
            y="-92.19885298595781"
          />
        </g>
      </g>
      <g
        class="c2"
        opacity="1"
      >
        <g
          aria-label="ConcourseCl"
          class="techIcon-ConcourseCl undefined"
          title="ConcourseCl"
        >
          <circle
            cx="-9.28958714295931e-14"
            cy="-86.66666666666667"
            fill="white"
            r="12"
          />
          <image
            height="16.970562748477143"
            href="https://raw.githubusercontent.com/capcodigital/presentation-logos/master/tech-radar/devops/concourse_square.png"
            width="16.970562748477143"
            x="-8.485281374238664"
            y="-95.15194804090524"
          />
        </g>
      </g>
      <g
        class="c2"
        opacity="1"
      >
        <g
          aria-label="Consul"
          class="techIcon-Consul undefined"
          title="Consul"
        >
          <circle
            cx="22.430983908885093"
            cy="-83.71357161171927"
            fill="white"
            r="12"
          />
          <image
            height="16.970562748477143"
            href="https://raw.githubusercontent.com/capcodigital/presentation-logos/master/tech-radar/devops/consul_square.png"
            width="16.970562748477143"
            x="13.945702534646522"
            y="-92.19885298595784"
          />
        </g>
      </g>
      <g
        class="c2"
        opacity="1"
      >
        <g
          aria-label="Apache Spark"
          class="techIcon-Apache Spark undefined"
          title="Apache Spark"
        >
          <circle
            cx="160.00000000000003"
            cy="-277.12812921102034"
            fill="white"
            r="12"
          />
          <image
            height="16.970562748477143"
            href="https://raw.githubusercontent.com/capcodigital/presentation-logos/master/tech-radar/databases/spark.png"
            width="16.970562748477143"
            x="151.51471862576145"
            y="-285.6134105852589"
          />
        </g>
      </g>
      <g
        class="c2"
        opacity="1"
      >
        <g
          aria-label="Apache Hive"
          class="techIcon-Apache Hive undefined"
          title="Apache Hive"
        >
          <circle
            cx="226.27416997969516"
            cy="-226.27416997969527"
            fill="white"
            r="12"
          />
          <image
            height="16.970562748477143"
            href="https://raw.githubusercontent.com/capcodigital/presentation-logos/master/tech-radar/databases/hive_highres.png"
            width="16.970562748477143"
            x="217.78888860545658"
            y="-234.75945135393385"
          />
        </g>
      </g>
      <g
        class="c2"
        opacity="1"
      >
        <g
          aria-label="Postgres"
          class="techIcon-Postgres undefined"
          title="Postgres"
        >
          <circle
            cx="277.12812921102045"
            cy="-159.9999999999999"
            fill="white"
            r="12"
          />
          <image
            height="16.970562748477143"
            href="https://raw.githubusercontent.com/capcodigital/presentation-logos/master/tech-radar/databases/postgres_square.png"
            width="16.970562748477143"
            x="268.64284783678187"
            y="-168.48528137423847"
          />
        </g>
      </g>
      <g
        class="c2"
        opacity="1"
      >
        <g
          aria-label="Neo4J"
          class="techIcon-Neo4J undefined"
          title="Neo4J"
        >
          <circle
            cx="144.44826058509668"
            cy="-216.18209919866172"
            fill="white"
            r="12"
          />
          <image
            height="16.970562748477143"
            href="https://raw.githubusercontent.com/capcodigital/presentation-logos/master/tech-radar/databases/neo4j_square.png"
            width="16.970562748477143"
            x="135.9629792108581"
            y="-224.6673805729003"
          />
        </g>
      </g>
      <g
        class="c2"
        opacity="1"
      >
        <g
          aria-label="MongoDB"
          class="techIcon-MongoDB undefined"
          title="MongoDB"
        >
          <circle
            cx="216.1820991986619"
            cy="-144.4482605850964"
            fill="white"
            r="12"
          />
          <image
            height="16.970562748477143"
            href="https://raw.githubusercontent.com/capcodigital/presentation-logos/master/tech-radar/databases/mongodb_square_2.png"
            width="16.970562748477143"
            x="207.6968178244233"
            y="-152.93354195933497"
          />
        </g>
      </g>
      <g
        class="c2"
        opacity="1"
      >
        <g
          aria-label="MySQL"
          class="techIcon-MySQL undefined"
          title="MySQL"
        >
          <circle
            cx="101.6666666666667"
            cy="-176.09183210283587"
            fill="white"
            r="12"
          />
          <image
            height="16.970562748477143"
            href="https://raw.githubusercontent.com/capcodigital/presentation-logos/master/tech-radar/databases/mysql_square.png"
            width="16.970562748477143"
            x="93.18138529242813"
            y="-184.57711347707445"
          />
        </g>
      </g>
      <g
        class="c2"
        opacity="1"
      >
        <g
          aria-label="Oracle"
          class="techIcon-Oracle undefined"
          title="Oracle"
        >
          <circle
            cx="143.77837884126464"
            cy="-143.7783788412647"
            fill="white"
            r="12"
          />
          <image
            height="16.970562748477143"
            href="https://raw.githubusercontent.com/capcodigital/presentation-logos/master/tech-radar/databases/oracle_square.png"
            width="16.970562748477143"
            x="135.29309746702606"
            y="-152.26366021550328"
          />
        </g>
      </g>
      <g
        class="c2"
        opacity="1"
      >
        <g
          aria-label="SQL Server"
          class="techIcon-SQL Server no-content"
          title="SQL Server"
        >
          <circle
            cx="176.0918321028359"
            cy="-101.6666666666666"
            fill="white"
            r="12"
          />
          <image
            height="16.970562748477143"
            href="https://raw.githubusercontent.com/capcodigital/presentation-logos/master/tech-radar/databases/sqlserver_square.png"
            width="16.970562748477143"
            x="167.6065507285973"
            y="-110.15194804090517"
          />
        </g>
      </g>
      <g
        class="c2"
        opacity="1"
      >
        <g
          aria-label="BigQuery"
          class="techIcon-BigQuery undefined"
          title="BigQuery"
        >
          <circle
            cx="43.33333333333334"
            cy="-75.05553499465135"
            fill="white"
            r="12"
          />
          <image
            height="16.970562748477143"
            href="https://raw.githubusercontent.com/capcodigital/presentation-logos/master/tech-radar/databases/bigquery_square.png"
            width="16.970562748477143"
            x="34.848051959094775"
            y="-83.54081636888992"
          />
        </g>
      </g>
      <g
        class="c2"
        opacity="1"
      >
        <g
          aria-label="Snowflake"
          class="techIcon-Snowflake undefined"
          title="Snowflake"
        >
          <circle
            cx="61.28258770283411"
            cy="-61.282587702834135"
            fill="white"
            r="12"
          />
          <image
            height="16.970562748477143"
            href="https://raw.githubusercontent.com/capcodigital/presentation-logos/master/tech-radar/databases/snowflake_square.png"
            width="16.970562748477143"
            x="52.79730632859554"
            y="-69.7678690770727"
          />
        </g>
      </g>
      <g
        class="c2"
        opacity="1"
      >
        <g
          aria-label="Liquibase"
          class="techIcon-Liquibase undefined"
          title="Liquibase"
        >
          <circle
            cx="75.05553499465137"
            cy="-43.33333333333331"
            fill="white"
            r="12"
          />
          <image
            height="16.970562748477143"
            href="https://raw.githubusercontent.com/capcodigital/presentation-logos/master/tech-radar/databases/liquibase_square.png"
            width="16.970562748477143"
            x="66.5702536204128"
            y="-51.81861470757188"
          />
        </g>
      </g>
      <g
        class="c2"
        opacity="1"
      >
        <g
          aria-label="Selenium"
          class="techIcon-Selenium undefined"
          title="Selenium"
        >
          <circle
            cx="309.0962644125018"
            cy="-82.8220944328069"
            fill="white"
            r="12"
          />
          <image
            height="16.970562748477143"
            href="https://raw.githubusercontent.com/capcodigital/presentation-logos/master/tech-radar/quality/selenium_square.png"
            width="16.970562748477143"
            x="300.6109830382632"
            y="-91.30737580704547"
          />
        </g>
      </g>
      <g
        class="c2"
        opacity="1"
      >
        <g
          aria-label="Cucumber"
          class="techIcon-Cucumber undefined"
          title="Cucumber"
        >
          <circle
            cx="320"
            cy="-3.6259448944947067e-13"
            fill="white"
            r="12"
          />
          <image
            height="16.970562748477143"
            href="https://raw.githubusercontent.com/capcodigital/presentation-logos/master/tech-radar/quality/cucumber_square.png"
            width="16.970562748477143"
            x="311.5147186257614"
            y="-8.485281374238934"
          />
        </g>
      </g>
      <g
        class="c2"
        opacity="1"
      >
        <g
          aria-label="Appium"
          class="techIcon-Appium undefined"
          title="Appium"
        >
          <circle
            cx="309.0962644125019"
            cy="82.82209443280648"
            fill="white"
            r="12"
          />
          <image
            height="16.970562748477143"
            href="https://raw.githubusercontent.com/capcodigital/presentation-logos/master/tech-radar/quality/appium_square.png"
            width="16.970562748477143"
            x="300.6109830382633"
            y="74.33681305856791"
          />
        </g>
      </g>
      <g
        class="c2"
        opacity="1"
      >
        <g
          aria-label="REST Assured"
          class="techIcon-REST Assured undefined"
          title="REST Assured"
        >
          <circle
            cx="251.1407148351577"
            cy="-67.2929517266556"
            fill="white"
            r="12"
          />
          <image
            height="16.970562748477143"
            href="https://raw.githubusercontent.com/capcodigital/presentation-logos/master/tech-radar/quality/rest-assured_square.png"
            width="16.970562748477143"
            x="242.6554334609191"
            y="-75.77823310089417"
          />
        </g>
      </g>
      <g
        class="c2"
        opacity="1"
      >
        <g
          aria-label="BrowserStack"
          class="techIcon-BrowserStack undefined"
          title="BrowserStack"
        >
          <circle
            cx="260"
            cy="-2.9460802267769494e-13"
            fill="white"
            r="12"
          />
          <image
            height="16.970562748477143"
            href="https://raw.githubusercontent.com/capcodigital/presentation-logos/master/tech-radar/quality/browserstack_square.png"
            width="16.970562748477143"
            x="251.51471862576142"
            y="-8.485281374238866"
          />
        </g>
      </g>
      <g
        class="c2"
        opacity="1"
      >
        <g
          aria-label="Sauce Labs"
          class="techIcon-Sauce Labs undefined"
          title="Sauce Labs"
        >
          <circle
            cx="251.14071483515778"
            cy="67.29295172665526"
            fill="white"
            r="12"
          />
          <image
            height="16.970562748477143"
            href="https://raw.githubusercontent.com/capcodigital/presentation-logos/master/tech-radar/quality/saucelabs_square.png"
            width="16.970562748477143"
            x="242.6554334609192"
            y="58.80767035241669"
          />
        </g>
      </g>
      <g
        class="c2"
        opacity="1"
      >
        <g
          aria-label="Wiremock"
          class="techIcon-Wiremock undefined"
          title="Wiremock"
        >
          <circle
            cx="196.40491801211053"
            cy="-52.62653917084606"
            fill="white"
            r="12"
          />
          <image
            height="16.970562748477143"
            href="https://raw.githubusercontent.com/capcodigital/presentation-logos/master/tech-radar/quality/wiremock_square.png"
            width="16.970562748477143"
            x="187.91963663787195"
            y="-61.111820545084626"
          />
        </g>
      </g>
      <g
        class="c2"
        opacity="1"
      >
        <g
          aria-label="Applitools"
          class="techIcon-Applitools undefined"
          title="Applitools"
        >
          <circle
            cx="203.33333333333334"
            cy="-2.303985818376845e-13"
            fill="white"
            r="12"
          />
          <image
            height="16.970562748477143"
            href="https://raw.githubusercontent.com/capcodigital/presentation-logos/master/tech-radar/quality/applitools_square.png"
            width="16.970562748477143"
            x="194.84805195909476"
            y="-8.485281374238802"
          />
        </g>
      </g>
      <g
        class="c2"
        opacity="1"
      >
        <g
          aria-label="JMeter"
          class="techIcon-JMeter undefined"
          title="JMeter"
        >
          <circle
            cx="196.40491801211058"
            cy="52.62653917084578"
            fill="white"
            r="12"
          />
          <image
            height="16.970562748477143"
            href="https://raw.githubusercontent.com/capcodigital/presentation-logos/master/tech-radar/quality/jmeter_square.png"
            width="16.970562748477143"
            x="187.919636637872"
            y="44.141257796607206"
          />
        </g>
      </g>
      <g
        class="c2"
        opacity="1"
      >
        <g
          aria-label="Axe"
          class="techIcon-Axe undefined"
          title="Axe"
        >
          <circle
            cx="138.44936843476643"
            cy="-37.09739646469476"
            fill="white"
            r="12"
          />
          <image
            height="16.970562748477143"
            href="https://raw.githubusercontent.com/capcodigital/presentation-logos/master/tech-radar/quality/axe_square.png"
            width="16.970562748477143"
            x="129.96408706052785"
            y="-45.582677838933336"
          />
        </g>
      </g>
      <g
        class="c2"
        opacity="1"
      >
        <g
          aria-label="Cypress"
          class="techIcon-Cypress undefined"
          title="Cypress"
        >
          <circle
            cx="143.33333333333334"
            cy="-1.6241211506590875e-13"
            fill="white"
            r="12"
          />
          <image
            height="16.970562748477143"
            href="https://raw.githubusercontent.com/capcodigital/presentation-logos/master/tech-radar/quality/cypress_square.png"
            width="16.970562748477143"
            x="134.84805195909476"
            y="-8.485281374238733"
          />
        </g>
      </g>
      <g
        class="c2"
        opacity="1"
      >
        <g
          aria-label="Postman"
          class="techIcon-Postman undefined"
          title="Postman"
        >
          <circle
            cx="138.44936843476648"
            cy="37.09739646469457"
            fill="white"
            r="12"
          />
          <image
            height="16.970562748477143"
            href="https://raw.githubusercontent.com/capcodigital/presentation-logos/master/tech-radar/quality/postman_square.png"
            width="16.970562748477143"
            x="129.9640870605279"
            y="28.612115090455998"
          />
        </g>
      </g>
      <g
        class="c2"
        opacity="1"
      >
        <g
          aria-label="Gatling"
          class="techIcon-Gatling undefined"
          title="Gatling"
        >
          <circle
            cx="85.00139096827996"
            cy="-16.90782790806449"
            fill="white"
            r="12"
          />
          <image
            height="16.970562748477143"
            href="https://raw.githubusercontent.com/capcodigital/presentation-logos/master/tech-radar/quality/gatling_square.png"
            width="16.970562748477143"
            x="76.5161095940414"
            y="-25.39310928230306"
          />
        </g>
      </g>
      <g
        class="c2"
        opacity="1"
      >
        <g
          aria-label="PACT"
          class="techIcon-PACT undefined"
          title="PACT"
        >
          <circle
            cx="85.00139096827998"
            cy="16.907827908064448"
            fill="white"
            r="12"
          />
          <image
            height="16.970562748477143"
            href="https://raw.githubusercontent.com/capcodigital/presentation-logos/master/tech-radar/quality/pact_square.png"
            width="16.970562748477143"
            x="76.51610959404141"
            y="8.422546533825876"
          />
        </g>
      </g>
      <g
        class="c2"
        opacity="1"
      >
        <g
          aria-label="GCP"
          class="techIcon-GCP undefined"
          title="GCP"
        >
          <circle
            cx="277.12812921102034"
            cy="160"
            fill="white"
            r="12"
          />
          <image
            height="16.970562748477143"
            href="https://raw.githubusercontent.com/capcodigital/presentation-logos/master/tech-radar/cloud/gcp_square.png"
            width="16.970562748477143"
            x="268.64284783678175"
            y="151.51471862576142"
          />
        </g>
      </g>
      <g
        class="c2"
        opacity="1"
      >
        <g
          aria-label="Kubernetes"
          class="techIcon-Kubernetes undefined"
          title="Kubernetes"
        >
          <circle
            cx="226.27416997969527"
            cy="226.27416997969516"
            fill="white"
            r="12"
          />
          <image
            height="16.970562748477143"
            href="https://raw.githubusercontent.com/capcodigital/presentation-logos/master/tech-radar/cloud/k8s_square.png"
            width="16.970562748477143"
            x="217.7888886054567"
            y="217.78888860545658"
          />
        </g>
      </g>
      <g
        class="c2"
        opacity="1"
      >
        <g
          aria-label="Serverless"
          class="techIcon-Serverless undefined"
          title="Serverless"
        >
          <circle
            cx="159.99999999999991"
            cy="277.12812921102045"
            fill="white"
            r="12"
          />
          <image
            height="16.970562748477143"
            href="https://raw.githubusercontent.com/capcodigital/presentation-logos/master/tech-radar/cloud/serverless_square.png"
            width="16.970562748477143"
            x="151.51471862576133"
            y="268.64284783678187"
          />
        </g>
      </g>
      <g
        class="c2"
        opacity="1"
      >
        <g
          aria-label="OpenShift"
          class="techIcon-OpenShift undefined"
          title="OpenShift"
        >
          <circle
            cx="225.16660498395404"
            cy="130"
            fill="white"
            r="12"
          />
          <image
            height="16.970562748477143"
            href="https://raw.githubusercontent.com/capcodigital/presentation-logos/master/tech-radar/cloud/openshift_square.png"
            width="16.970562748477143"
            x="216.68132360971546"
            y="121.51471862576143"
          />
        </g>
      </g>
      <g
        class="c2"
        opacity="1"
      >
        <g
          aria-label="Apache Hadoop"
          class="techIcon-Apache Hadoop undefined"
          title="Apache Hadoop"
        >
          <circle
            cx="183.8477631085024"
            cy="183.8477631085023"
            fill="white"
            r="12"
          />
          <image
            height="16.970562748477143"
            href="https://raw.githubusercontent.com/capcodigital/presentation-logos/master/tech-radar/cloud/hadoop.png"
            width="16.970562748477143"
            x="175.3624817342638"
            y="175.36248173426372"
          />
        </g>
      </g>
      <g
        class="c2"
        opacity="1"
      >
        <g
          aria-label="Grafana"
          class="techIcon-Grafana undefined"
          title="Grafana"
        >
          <circle
            cx="129.99999999999991"
            cy="225.1666049839541"
            fill="white"
            r="12"
          />
          <image
            height="16.970562748477143"
            href="https://raw.githubusercontent.com/capcodigital/presentation-logos/master/tech-radar/cloud/grafana_square.png"
            width="16.970562748477143"
            x="121.51471862576135"
            y="216.68132360971552"
          />
        </g>
      </g>
      <g
        class="c2"
        opacity="1"
      >
        <g
          aria-label="AWS"
          class="techIcon-AWS undefined"
          title="AWS"
        >
          <circle
            cx="176.09183210283587"
            cy="101.66666666666667"
            fill="white"
            r="12"
          />
          <image
            height="16.970562748477143"
            href="https://raw.githubusercontent.com/capcodigital/presentation-logos/master/tech-radar/cloud/aws_square_1.png"
            width="16.970562748477143"
            x="167.60655072859728"
            y="93.1813852924281"
          />
        </g>
      </g>
      <g
        class="c2"
        opacity="1"
      >
        <g
          aria-label="Azure"
          class="techIcon-Azure undefined"
          title="Azure"
        >
          <circle
            cx="143.7783788412647"
            cy="143.77837884126464"
            fill="white"
            r="12"
          />
          <image
            height="16.970562748477143"
            href="https://raw.githubusercontent.com/capcodigital/presentation-logos/master/tech-radar/cloud/azure_square.png"
            width="16.970562748477143"
            x="135.29309746702612"
            y="135.29309746702606"
          />
        </g>
      </g>
      <g
        class="c2"
        opacity="1"
      >
        <g
          aria-label="PCF"
          class="techIcon-PCF undefined"
          title="PCF"
        >
          <circle
            cx="101.66666666666661"
            cy="176.0918321028359"
            fill="white"
            r="12"
          />
          <image
            height="16.970562748477143"
            href="https://avatars.githubusercontent.com/u/5497370?s=200&v=4"
            width="16.970562748477143"
            x="93.18138529242805"
            y="167.6065507285973"
          />
        </g>
      </g>
      <g
        class="c2"
        opacity="1"
      >
        <g
          aria-label="Splunk"
          class="techIcon-Splunk undefined"
          title="Splunk"
        >
          <circle
            cx="119.17731109669813"
            cy="79.63173339947636"
            fill="white"
            r="12"
          />
          <image
            height="16.970562748477143"
            href="https://raw.githubusercontent.com/capcodigital/presentation-logos/master/tech-radar/cloud/splunk_square.png"
            width="16.970562748477143"
            x="110.69202972245957"
            y="71.14645202523779"
          />
        </g>
      </g>
      <g
        class="c2"
        opacity="1"
      >
        <g
          aria-label="Anthos"
          class="techIcon-Anthos undefined"
          title="Anthos"
        >
          <circle
            cx="79.63173339947622"
            cy="119.17731109669822"
            fill="white"
            r="12"
          />
          <image
            height="16.970562748477143"
            href="https://raw.githubusercontent.com/capcodigital/presentation-logos/master/tech-radar/cloud/anthos_square.png"
            width="16.970562748477143"
            x="71.14645202523765"
            y="110.69202972245965"
          />
        </g>
      </g>
      <g
        class="c2"
        opacity="1"
      >
        <g
          aria-label="Digital Ocean"
          class="techIcon-Digital Ocean undefined"
          title="Digital Ocean"
        >
          <circle
            cx="72.06069973288724"
            cy="48.14942019503222"
            fill="white"
            r="12"
          />
          <image
            height="16.970562748477143"
            href="https://raw.githubusercontent.com/capcodigital/presentation-logos/master/tech-radar/cloud/digitalocean_square.png"
            width="16.970562748477143"
            x="63.575418358648676"
            y="39.66413882079365"
          />
        </g>
      </g>
      <g
        class="c2"
        opacity="1"
      >
        <g
          aria-label="PKS"
          class="techIcon-PKS undefined"
          title="PKS"
        >
          <circle
            cx="48.149420195032135"
            cy="72.0606997328873"
            fill="white"
            r="12"
          />
          <image
            height="16.970562748477143"
            href="https://raw.githubusercontent.com/capcodigital/presentation-logos/master/tech-radar/cloud/pks_square.png"
            width="16.970562748477143"
            x="39.66413882079357"
            y="63.57541835864873"
          />
        </g>
      </g>
      <g
        class="c2"
        opacity="1"
      >
        <g
          aria-label="Rest"
          class="techIcon-Rest undefined"
          title="Rest"
        >
          <circle
            cx="82.82209443280692"
            cy="309.0962644125018"
            fill="white"
            r="12"
          />
          <image
            height="16.970562748477143"
            href="https://raw.githubusercontent.com/capcodigital/presentation-logos/master/tech-radar/integration/rest_square.png"
            width="16.970562748477143"
            x="74.33681305856835"
            y="300.6109830382632"
          />
        </g>
      </g>
      <g
        class="c2"
        opacity="1"
      >
        <g
          aria-label="Camel"
          class="techIcon-Camel undefined"
          title="Camel"
        >
          <circle
            cx="3.821888382358283e-13"
            cy="320"
            fill="white"
            r="12"
          />
          <image
            height="16.970562748477143"
            href="https://raw.githubusercontent.com/capcodigital/presentation-logos/master/tech-radar/integration/camelcase_square.png"
            width="16.970562748477143"
            x="-8.48528137423819"
            y="311.5147186257614"
          />
        </g>
      </g>
      <g
        class="c2"
        opacity="1"
      >
        <g
          aria-label="gRPC"
          class="techIcon-gRPC undefined"
          title="gRPC"
        >
          <circle
            cx="-82.82209443280647"
            cy="309.0962644125019"
            fill="white"
            r="12"
          />
          <image
            height="16.970562748477143"
            href="https://raw.githubusercontent.com/capcodigital/presentation-logos/master/tech-radar/integration/grpc_square.png"
            width="16.970562748477143"
            x="-91.30737580704503"
            y="300.6109830382633"
          />
        </g>
      </g>
      <g
        class="c2"
        opacity="1"
      >
        <g
          aria-label="Kafka"
          class="techIcon-Kafka undefined"
          title="Kafka"
        >
          <circle
            cx="7.960204194457796e-14"
            cy="260"
            fill="white"
            r="12"
          />
          <image
            height="16.970562748477143"
            href="https://raw.githubusercontent.com/capcodigital/presentation-logos/master/tech-radar/integration/kafka_square.png"
            width="16.970562748477143"
            x="-8.485281374238491"
            y="251.51471862576142"
          />
        </g>
      </g>
      <g
        class="c2"
        opacity="1"
      >
        <g
          aria-label="ActiveMQ"
          class="techIcon-ActiveMQ undefined"
          title="ActiveMQ"
        >
          <circle
            cx="52.626539170846065"
            cy="196.40491801211053"
            fill="white"
            r="12"
          />
          <image
            height="16.970562748477143"
            href="https://raw.githubusercontent.com/capcodigital/presentation-logos/master/tech-radar/integration/activemq_square.png"
            width="16.970562748477143"
            x="44.14125779660749"
            y="187.91963663787195"
          />
        </g>
      </g>
      <g
        class="c2"
        opacity="1"
      >
        <g
          aria-label="IBM MQ"
          class="techIcon-IBM MQ undefined"
          title="IBM MQ"
        >
          <circle
            cx="2.4284915762901594e-13"
            cy="203.33333333333334"
            fill="white"
            r="12"
          />
          <image
            height="16.970562748477143"
            href="https://raw.githubusercontent.com/capcodigital/presentation-logos/master/tech-radar/integration/ibm-mq_square.png"
            width="16.970562748477143"
            x="-8.485281374238328"
            y="194.84805195909476"
          />
        </g>
      </g>
      <g
        class="c2"
        opacity="1"
      >
        <g
          aria-label="OpenAPI"
          class="techIcon-OpenAPI undefined"
          title="OpenAPI"
        >
          <circle
            cx="-52.626539170845774"
            cy="196.40491801211058"
            fill="white"
            r="12"
          />
          <image
            height="16.970562748477143"
            href="https://raw.githubusercontent.com/capcodigital/presentation-logos/master/tech-radar/integration/openapi_square.png"
            width="16.970562748477143"
            x="-61.11182054508434"
            y="187.919636637872"
          />
        </g>
      </g>
      <g
        class="c2"
        opacity="1"
      >
        <g
          aria-label="GraphQL"
          class="techIcon-GraphQL undefined"
          title="GraphQL"
        >
          <circle
            cx="2.653401398152599e-14"
            cy="86.66666666666667"
            fill="white"
            r="12"
          />
          <image
            height="16.970562748477143"
            href="https://raw.githubusercontent.com/capcodigital/presentation-logos/master/tech-radar/integration/graphql_square.png"
            width="16.970562748477143"
            x="-8.485281374238545"
            y="78.1813852924281"
          />
        </g>
      </g>
      <g
        class="c2"
        opacity="1"
      >
        <g
          aria-label="Java"
          class="techIcon-Java undefined"
          title="Java"
        >
          <circle
            cx="-160.00000000000026"
            cy="277.1281292110202"
            fill="white"
            r="12"
          />
          <image
            height="16.970562748477143"
            href="https://raw.githubusercontent.com/capcodigital/presentation-logos/master/tech-radar/backend/java_square.png"
            width="16.970562748477143"
            x="-168.48528137423884"
            y="268.64284783678164"
          />
        </g>
      </g>
      <g
        class="c2"
        opacity="1"
      >
        <g
          aria-label="Node"
          class="techIcon-Node undefined"
          title="Node"
        >
          <circle
            cx="-226.27416997969533"
            cy="226.27416997969507"
            fill="white"
            r="12"
          />
          <image
            height="16.970562748477143"
            href="https://raw.githubusercontent.com/capcodigital/presentation-logos/master/tech-radar/backend/node_square.png"
            width="16.970562748477143"
            x="-234.7594513539339"
            y="217.7888886054565"
          />
        </g>
      </g>
      <g
        class="c2"
        opacity="1"
      >
        <g
          aria-label="Go"
          class="techIcon-Go undefined"
          title="Go"
        >
          <circle
            cx="-277.12812921102045"
            cy="159.99999999999994"
            fill="white"
            r="12"
          />
          <image
            height="16.970562748477143"
            href="https://raw.githubusercontent.com/capcodigital/presentation-logos/master/tech-radar/backend/go_square.png"
            width="16.970562748477143"
            x="-285.61341058525903"
            y="151.51471862576136"
          />
        </g>
      </g>
      <g
        class="c2"
        opacity="1"
      >
        <g
          aria-label="Scala"
          class="techIcon-Scala undefined"
          title="Scala"
        >
          <circle
            cx="-144.44826058509645"
            cy="216.18209919866186"
            fill="white"
            r="12"
          />
          <image
            height="16.970562748477143"
            href="https://raw.githubusercontent.com/capcodigital/presentation-logos/master/tech-radar/backend/scala_square.png"
            width="16.970562748477143"
            x="-152.93354195933503"
            y="207.69681782442328"
          />
        </g>
      </g>
      <g
        class="c2"
        opacity="1"
      >
        <g
          aria-label="Gradle"
          class="techIcon-Gradle undefined"
          title="Gradle"
        >
          <circle
            cx="-216.18209919866175"
            cy="144.4482605850966"
            fill="white"
            r="12"
          />
          <image
            height="16.970562748477143"
            href="https://raw.githubusercontent.com/capcodigital/presentation-logos/master/tech-radar/backend/gradle_square.png"
            width="16.970562748477143"
            x="-224.66738057290033"
            y="135.962979210858"
          />
        </g>
      </g>
      <g
        class="c2"
        opacity="1"
      >
        <g
          aria-label="Python"
          class="techIcon-Python undefined"
          title="Python"
        >
          <circle
            cx="-112.96594738065235"
            cy="169.06548783485093"
            fill="white"
            r="12"
          />
          <image
            height="16.970562748477143"
            href="https://raw.githubusercontent.com/capcodigital/presentation-logos/master/tech-radar/backend/python_square.png"
            width="16.970562748477143"
            x="-121.45122875489092"
            y="160.58020646061235"
          />
        </g>
      </g>
      <g
        class="c2"
        opacity="1"
      >
        <g
          aria-label="Groovy"
          class="techIcon-Groovy undefined"
          title="Groovy"
        >
          <circle
            cx="-169.06548783485084"
            cy="112.96594738065247"
            fill="white"
            r="12"
          />
          <image
            height="16.970562748477143"
            href="https://raw.githubusercontent.com/capcodigital/presentation-logos/master/tech-radar/backend/groovy_square.png"
            width="16.970562748477143"
            x="-177.55076920908942"
            y="104.4806660064139"
          />
        </g>
      </g>
      <g
        class="c2"
        opacity="1"
      >
        <g
          aria-label="Kotlin"
          class="techIcon-Kotlin undefined"
          title="Kotlin"
        >
          <circle
            cx="-61.28258770283416"
            cy="61.282587702834086"
            fill="white"
            r="12"
          />
          <image
            height="16.970562748477143"
            href="https://raw.githubusercontent.com/capcodigital/presentation-logos/master/tech-radar/backend/kotlin_square.png"
            width="16.970562748477143"
            x="-69.76786907707273"
            y="52.79730632859551"
          />
        </g>
      </g>
      <g
        class="c2"
        opacity="1"
      >
        <g
          aria-label="React"
          class="techIcon-React undefined"
          title="React"
        >
          <circle
            cx="-309.09626441250185"
            cy="82.82209443280665"
            fill="white"
            r="12"
          />
          <image
            height="16.970562748477143"
            href="https://raw.githubusercontent.com/capcodigital/presentation-logos/master/tech-radar/frontend/react_square.png"
            width="16.970562748477143"
            x="-317.58154578674043"
            y="74.33681305856808"
          />
        </g>
      </g>
      <g
        class="c2"
        opacity="1"
      >
        <g
          aria-label="Angular"
          class="techIcon-Angular undefined"
          title="Angular"
        >
          <circle
            cx="-320"
            cy="1.175660927181459e-13"
            fill="white"
            r="12"
          />
          <image
            height="16.970562748477143"
            href="https://raw.githubusercontent.com/capcodigital/presentation-logos/master/tech-radar/frontend/angular_square.png"
            width="16.970562748477143"
            x="-328.4852813742386"
            y="-8.485281374238454"
          />
        </g>
      </g>
      <g
        class="c2"
        opacity="1"
      >
        <g
          aria-label="TypeScript"
          class="techIcon-TypeScript undefined"
          title="TypeScript"
        >
          <circle
            cx="-309.0962644125019"
            cy="-82.82209443280644"
            fill="white"
            r="12"
          />
          <image
            height="16.970562748477143"
            href="https://raw.githubusercontent.com/capcodigital/presentation-logos/master/tech-radar/frontend/typescript_square.png"
            width="16.970562748477143"
            x="-317.5815457867405"
            y="-91.307375807045"
          />
        </g>
      </g>
      <g
        class="c2"
        opacity="1"
      >
        <g
          aria-label="HTML"
          class="techIcon-HTML undefined"
          title="HTML"
        >
          <circle
            cx="-196.40491801211056"
            cy="52.626539170845895"
            fill="white"
            r="12"
          />
          <image
            height="16.970562748477143"
            href="https://raw.githubusercontent.com/capcodigital/presentation-logos/master/tech-radar/frontend/html_square.png"
            width="16.970562748477143"
            x="-204.89019938634914"
            y="44.14125779660732"
          />
        </g>
      </g>
      <g
        class="c2"
        opacity="1"
      >
        <g
          aria-label="CSS"
          class="techIcon-CSS undefined"
          title="CSS"
        >
          <circle
            cx="-203.33333333333334"
            cy="7.470345474798854e-14"
            fill="white"
            r="12"
          />
          <image
            height="16.970562748477143"
            href="https://raw.githubusercontent.com/capcodigital/presentation-logos/master/tech-radar/frontend/css_square.png"
            width="16.970562748477143"
            x="-211.81861470757192"
            y="-8.485281374238497"
          />
        </g>
      </g>
      <g
        class="c2"
        opacity="1"
      >
        <g
          aria-label="JavaScript"
          class="techIcon-JavaScript undefined"
          title="JavaScript"
        >
          <circle
            cx="-196.40491801211058"
            cy="-52.62653917084576"
            fill="white"
            r="12"
          />
          <image
            height="16.970562748477143"
            href="https://raw.githubusercontent.com/capcodigital/presentation-logos/master/tech-radar/frontend/javascript_square.png"
            width="16.970562748477143"
            x="-204.89019938634917"
            y="-61.11182054508433"
          />
        </g>
      </g>
      <g
        class="c2"
        opacity="1"
      >
        <g
          aria-label="Webpack"
          class="techIcon-Webpack undefined"
          title="Webpack"
        >
          <circle
            cx="-143.33333333333334"
            cy="5.265981236333619e-14"
            fill="white"
            r="12"
          />
          <image
            height="16.970562748477143"
            href="https://raw.githubusercontent.com/capcodigital/presentation-logos/master/tech-radar/frontend/webpack_square.png"
            width="16.970562748477143"
            x="-151.81861470757192"
            y="-8.485281374238518"
          />
        </g>
      </g>
      <g
        class="c2"
        opacity="1"
      >
        <g
          aria-label="Flutter"
          class="techIcon-Flutter undefined"
          title="Flutter"
        >
          <circle
            cx="-85.00139096827995"
            cy="16.907827908064576"
            fill="white"
            r="12"
          />
          <image
            height="16.970562748477143"
            href="https://raw.githubusercontent.com/capcodigital/presentation-logos/master/tech-radar/frontend/flutter_sqaure.png"
            width="16.970562748477143"
            x="-93.48667234251852"
            y="8.422546533826004"
          />
        </g>
      </g>
      <g
        class="c2"
        opacity="1"
      >
        <g
          aria-label="Vue"
          class="techIcon-Vue undefined"
          title="Vue"
        >
          <circle
            cx="-85.00139096827999"
            cy="-16.907827908064363"
            fill="white"
            r="12"
          />
          <image
            height="16.970562748477143"
            href="https://raw.githubusercontent.com/capcodigital/presentation-logos/master/tech-radar/frontend/vue_square.png"
            width="16.970562748477143"
            x="-93.48667234251856"
            y="-25.393109282302934"
          />
        </g>
      </g>
      <g
        class="c2"
        opacity="1"
      >
        <g
          aria-label="React Native"
          class="techIcon-React Native undefined"
          title="React Native"
        >
          <circle
            cx="-266.0702759368146"
            cy="-177.78247456627255"
            fill="white"
            r="12"
          />
          <image
            height="16.970562748477143"
            href="https://raw.githubusercontent.com/capcodigital/presentation-logos/master/tech-radar/mobile/react_square.png"
            width="16.970562748477143"
            x="-274.5555573110532"
            y="-186.26775594051114"
          />
        </g>
      </g>
      <g
        class="c2"
        opacity="1"
      >
        <g
          aria-label="Gradle Mobile"
          class="techIcon-Gradle Mobile undefined"
          title="Gradle Mobile"
        >
          <circle
            cx="-177.78247456627275"
            cy="-266.0702759368144"
            fill="white"
            r="12"
          />
          <image
            height="16.970562748477143"
            href="https://raw.githubusercontent.com/capcodigital/presentation-logos/master/tech-radar/mobile/gradle_square.png"
            width="16.970562748477143"
            x="-186.26775594051134"
            y="-274.555557311053"
          />
        </g>
      </g>
      <g
        class="c2"
        opacity="1"
      >
        <g
          aria-label="Swift"
          class="techIcon-Swift undefined"
          title="Swift"
        >
          <circle
            cx="-176.09183210283578"
            cy="-101.66666666666681"
            fill="white"
            r="12"
          />
          <image
            height="16.970562748477143"
            href="https://raw.githubusercontent.com/capcodigital/presentation-logos/master/tech-radar/mobile/swift_square.png"
            width="16.970562748477143"
            x="-184.57711347707436"
            y="-110.15194804090538"
          />
        </g>
      </g>
      <g
        class="c2"
        opacity="1"
      >
        <g
          aria-label="Java Mobile"
          class="techIcon-Java Mobile undefined"
          title="Java Mobile"
        >
          <circle
            cx="-143.77837884126458"
            cy="-143.77837884126475"
            fill="white"
            r="12"
          />
          <image
            height="16.970562748477143"
            href="https://raw.githubusercontent.com/capcodigital/presentation-logos/master/tech-radar/mobile/java_square.png"
            width="16.970562748477143"
            x="-152.26366021550317"
            y="-152.26366021550334"
          />
        </g>
      </g>
      <g
        class="c2"
        opacity="1"
      >
        <g
          aria-label="Ionic"
          class="techIcon-Ionic undefined"
          title="Ionic"
        >
          <circle
            cx="-101.66666666666664"
            cy="-176.09183210283587"
            fill="white"
            r="12"
          />
          <image
            height="16.970562748477143"
            href="https://raw.githubusercontent.com/capcodigital/presentation-logos/master/tech-radar/mobile/Ionic_square.png"
            width="16.970562748477143"
            x="-110.15194804090521"
            y="-184.57711347707445"
          />
        </g>
      </g>
      <g
        class="c2"
        opacity="1"
      >
        <g
          aria-label="Flutter"
          class="techIcon-Flutter undefined"
          title="Flutter"
        >
          <circle
            cx="-61.282587702834086"
            cy="-61.28258770283416"
            fill="white"
            r="12"
          />
          <image
            height="16.970562748477143"
            href="https://raw.githubusercontent.com/capcodigital/presentation-logos/master/tech-radar/mobile/flutter_square.png"
            width="16.970562748477143"
            x="-69.76786907707266"
            y="-69.76786907707273"
          />
        </g>
      </g>
    </g>
  </svg>
</div>
`;
