// Jest Snapshot v1, https://goo.gl/fbAQLP

exports[`Menu should render Menu component 1`] = `
.c0.c0 {
  background: transparent;
  padding-top: 20px;
  box-shadow: none;
}

.c0.c0 #purpose:hover {
  -webkit-text-decoration: underline;
  text-decoration: underline;
}

.c1.c1 {
  z-index: 1400;
  margin-left: 60px;
}

.c1.c1 div {
  font-weight: 700;
  font-size: 24px;
}

@media screen and (max-width:1000px) {
  .c1.c1 {
    margin-left: 10px;
  }

  .c1.c1 img {
    height: 36px;
  }

  .c1.c1 div {
    font-size: 19px;
  }
}

@media screen and (max-width:768px) {

}

@media screen and (max-width:768px) {

}

@media screen and (max-width:1000px) {

}

<header
  class="MuiPaper-root MuiPaper-elevation MuiPaper-elevation4 MuiAppBar-root MuiAppBar-colorPrimary MuiAppBar-positionStatic c0 css-hip9hq-MuiPaper-root-MuiAppBar-root"
>
  <div
    class="MuiToolbar-root MuiToolbar-gutters MuiToolbar-regular css-hyum1k-MuiToolbar-root"
  >
    <div
      class="MuiGrid-root MuiGrid-container css-1lmj5vd-MuiGrid-root"
    >
      <div
        class="MuiGrid-root MuiGrid-item c1 css-13i4rnv-MuiGrid-root"
      >
        <a
          href="/home"
        >
          <img
            alt="Large Logo"
            height="85"
            src="logo.png"
          />
          <div>
            TECH RADAR 
            2023
          </div>
        </a>
      </div>
      <div
        class="MuiGrid-root MuiGrid-item css-qh4ozh-MuiGrid-root"
      >
        <button
          aria-label="menu"
          class="MuiButtonBase-root MuiIconButton-root MuiIconButton-colorInherit MuiIconButton-edgeStart MuiIconButton-sizeMedium css-1d6w9lk-MuiButtonBase-root-MuiIconButton-root"
          tabindex="0"
          type="button"
        >
          <svg
            aria-hidden="true"
            class="MuiSvgIcon-root MuiSvgIcon-fontSizeLarge css-tzssek-MuiSvgIcon-root"
            data-testid="MenuIcon"
            focusable="false"
            viewBox="0 0 24 24"
          >
            <path
              d="M3 18h18v-2H3v2zm0-5h18v-2H3v2zm0-7v2h18V6H3z"
            />
          </svg>
          <span
            class="MuiTouchRipple-root css-8je8zh-MuiTouchRipple-root"
          />
        </button>
      </div>
    </div>
  </div>
</header>
`;
