// Jest Snapshot v1, https://goo.gl/fbAQLP

exports[`ProjectItem should render ProjectItem component 1`] = `
.c0 {
  margin-bottom: 20px;
  font-family: poppins,sans-serif;
}

.c0 .projectTech-link {
  display: inline-block;
  padding: 10px;
  color: #ffffff;
  text-align: center;
}

.c0 svg.icon {
  height: 45px;
  width: 45px;
}

.c0 .div {
  margin-bottom: 10px;
}

.c0 .project-image-wrapper {
  padding: 5% 10%;
  background-color: white;
  margin-bottom: 20px;
  border-radius: 4px;
}

.c0 .project-image {
  width: 100%;
}

.c0 .heading {
  font-weight: 700;
  font-size: 18px;
  line-height: 27px;
  margin-bottom: 12px;
  text-transform: capitalize;
}

.c0 .link {
  grid-column: 2 / span 1;
  grid-row: 1 / span 2;
  justify-self: end;
  -webkit-align-self: center;
  -ms-flex-item-align: center;
  align-self: center;
  color: white;
  font-size: 16px;
  line-height: 24px;
  border-bottom: 2px solid #e6236d;
  padding-bottom: 4px;
  text-transform: capitalize;
}

.c0 .link:hover {
  cursor: pointer;
}

.c0 .project-tag {
  grid-column: 1 / span 1;
  background-color: rgba(230,35,109,0.5);
  border-radius: 40px;
  min-width: -webkit-min-content;
  min-width: -moz-min-content;
  min-width: min-content;
  max-width: -webkit-max-content;
  max-width: -moz-max-content;
  max-width: max-content;
  padding: 4px 16px;
  text-align: center;
  -webkit-align-self: center;
  -ms-flex-item-align: center;
  align-self: center;
  font-weight: 500;
  font-size: 14px line-height:21px;
}

.c0 .text {
  margin-bottom: 20px;
  font-size: 14px line-height:21px;
}

.c0 .technologies {
  margin-bottom: 100px;
  text-transform: capitalize;
}

.c0 .row-wrapper {
  display: grid;
  grid-template-columns: repeat(2,1fr);
  grid-template-rows: repeat(2,1fr);
  margin-bottom: 20px;
}

<div
  class="c0"
  data-test-id="project-0"
>
  <div>
    <div
      class="project-image-wrapper"
    >
      <img
        alt="project image"
        class="project-image"
        src="CL1.png"
      />
    </div>
    <div
      class="row-wrapper"
    >
      <div
        class="heading"
      >
        GLOBAL DevOpS Acceleration
      </div>
      <div
        class="project-tag"
      >
        Global Tier 1 Private Bank
      </div>
    </div>
    <div
      class="text"
    >
      Capco delivered a DevOps acceleration program focused on improving delivery quality and speed.  This included integrating existing tools to improve developer experience, simplifying consumption of existing internal Kubernetes services, cloud migration, uplifting the platforms observability and monitoring maturity, re-engineering for containerization, building a single pane of glass portal, and training global teams e.g., India, China.
    </div>
    <div
      class="heading"
    >
      Key Technologies
    </div>
    <div
      class="technologies"
    >
      <span>
        <a
          class="projectTech-link"
          href="/technology/backend/go"
        >
          <svg
            class="icon"
            viewBox="0 0 80 80"
          >
            <circle
              cx="40"
              cy="40"
              fill="white"
              r="40"
            />
            <image
              height="50"
              href="https://raw.githubusercontent.com/capcodigital/presentation-logos/master/tech-radar/backend/go_square.png"
              width="50"
              x="15"
              y="15"
            />
          </svg>
          <div>
            Go
          </div>
        </a>
      </span>
      <span>
        <a
          class="projectTech-link"
          href="/technology/devops/docker"
        >
          <svg
            class="icon"
            viewBox="0 0 80 80"
          >
            <circle
              cx="40"
              cy="40"
              fill="white"
              r="40"
            />
            <image
              height="50"
              href="https://raw.githubusercontent.com/capcodigital/presentation-logos/master/tech-radar/devops/docker_square.png"
              width="50"
              x="15"
              y="15"
            />
          </svg>
          <div>
            Docker
          </div>
        </a>
      </span>
      <span>
        <a
          class="projectTech-link"
          href="/technology/cloud-&-platforms/aws"
        >
          <svg
            class="icon"
            viewBox="0 0 80 80"
          >
            <circle
              cx="40"
              cy="40"
              fill="white"
              r="40"
            />
            <image
              height="50"
              href="https://raw.githubusercontent.com/capcodigital/presentation-logos/master/tech-radar/cloud/aws_square_1.png"
              width="50"
              x="15"
              y="15"
            />
          </svg>
          <div>
            AWS
          </div>
        </a>
      </span>
      <span>
        <a
          class="projectTech-link"
          href="/technology/cloud-&-platforms/kubernetes"
        >
          <svg
            class="icon"
            viewBox="0 0 80 80"
          >
            <circle
              cx="40"
              cy="40"
              fill="white"
              r="40"
            />
            <image
              height="50"
              href="https://raw.githubusercontent.com/capcodigital/presentation-logos/master/tech-radar/cloud/k8s_square.png"
              width="50"
              x="15"
              y="15"
            />
          </svg>
          <div>
            Kubernetes
          </div>
        </a>
      </span>
      <span>
        <a
          class="projectTech-link"
          href="/technology/devops/datadog"
        >
          <svg
            class="icon"
            viewBox="0 0 80 80"
          >
            <circle
              cx="40"
              cy="40"
              fill="white"
              r="40"
            />
            <image
              height="50"
              href="https://raw.githubusercontent.com/capcodigital/presentation-logos/master/tech-radar/devops/datadog_square.png"
              width="50"
              x="15"
              y="15"
            />
          </svg>
          <div>
            Datadog
          </div>
        </a>
      </span>
    </div>
  </div>
</div>
`;
