// Jest Snapshot v1, https://goo.gl/fbAQLP

exports[`ContentPage should render ContentPage component 1`] = `
.c6 {
  margin-bottom: 40px;
}

.c6 .intro {
  font-size: 18px;
  font-weight: 500;
  padding-bottom: 14px;
}

.c6 .content {
  font-size: 16px;
  font-weight: 300;
}

.c6 .content div:first-child {
  padding: 3px;
  margin: 2px;
  width: 100%;
}

.c6 .content .content-title {
  font-size: 18px;
  font-weight: 700;
}

.c6 a {
  color: inherit;
  border-bottom: 1px solid;
}

.c6 img {
  padding: 20px 0;
}

.c0 {
  position: relative;
  width: 100%;
  display: -webkit-box;
  display: -webkit-flex;
  display: -ms-flexbox;
  display: flex;
  padding-left: 90px;
  margin: 50px 0 100px 0;
}

.c0 .background {
  opacity: 0.12;
  position: absolute;
  top: -80px;
  left: -300px;
}

.c0 img {
  margin: auto;
}

.c1 {
  text-align: left;
  width: 1060px;
  margin: auto;
  position: relative;
}

.c1:first-child {
  display: inline-block;
}

.c1 svg.icon {
  width: 80px;
  height: 80px;
}

.c1 .content-head {
  display: -webkit-box;
  display: -webkit-flex;
  display: -ms-flexbox;
  display: flex;
  -webkit-box-pack: justify;
  -webkit-justify-content: space-between;
  -ms-flex-pack: justify;
  justify-content: space-between;
}

.c5 {
  width: 700px;
  margin: 0 auto;
  font-family: poppins,sans-serif;
}

.c5 .content-intro {
  font-size: 24px;
  margin-bottom: 34px;
}

.c5 .content-intro a {
  color: inherit;
  border-bottom: 1px solid;
  -webkit-text-decoration: none;
  text-decoration: none;
}

.c4 {
  font-size: 120px;
  font-weight: 700;
  text-align: left;
  display: inline-block;
  vertical-align: middle;
  padding-right: 50px;
}

.c7 {
  border: 0;
  height: 1px;
  background-image: linear-gradient( to right,rgba(255,255,255,0),rgba(255,255,255,0.75),rgba(255,255,255,0) );
}

.c2 > a {
  font-size: 17px;
}

.c8 {
  margin-top: 75px;
  float: left;
}

.c8 div:first-child {
  font: 300 19px poppins,sans-serif;
  opacity: 0.5;
}

.c8 a:nth-child(2) {
  font: 59px bebas-neue-pro,sans-serif;
  color: inherit;
}

.c8 a:nth-child(2):hover {
  -webkit-text-decoration: underline;
  text-decoration: underline;
}

.c9 {
  margin-top: 75px;
  float: right;
}

.c9 div:first-child {
  font: 300 19px poppins,sans-serif;
  opacity: 0.5;
}

.c9 a:nth-child(2) {
  font: 59px bebas-neue-pro,sans-serif;
  color: inherit;
}

.c9 a:nth-child(2):hover {
  -webkit-text-decoration: underline;
  text-decoration: underline;
}

.c3 {
  font-size: 40px;
  font-weight: 700;
  font-family: Bebas-Neue-Pro,sans-serif;
  color: inherit;
  border-bottom: 2px solid;
  -webkit-align-self: center;
  -ms-flex-item-align: center;
  align-self: center;
}

.c3 img {
  margin-left: 10px !important;
}

.c3:hover {
  color: inherit;
  -webkit-text-decoration: underline;
  text-decoration: underline;
}

@media screen and (max-width:1000px) {
  .c6 {
    margin-bottom: 20px;
  }

  .c6 .title {
    font-size: 20px;
  }

  .c6 .intro,
  .c6 .content {
    font-size: 18px;
  }
}

@media screen and (max-width:1000px) {
  .c0 {
    margin-top: 30px;
    padding: 0 25px 0 25px;
  }

  .c0 img.background {
    display: none;
  }
}

@media screen and (max-width:1000px) {
  .c1 {
    width: 100%;
  }

  .c1 svg.icon {
    width: 50px;
    height: 50px;
  }

  .c1 .content-head {
    padding: 30px 0;
  }
}

@media screen and (max-width:1000px) {
  .c5 {
    width: 100%;
  }

  .c5 .content-intro {
    font-size: 18px;
  }
}

@media screen and (max-width:1000px) {
  .c4 {
    font-size: 52px;
    padding-right: 30px;
  }
}

@media screen and (min-width:1000px) {
  .c2 {
    display: none;
  }
}

@media screen and (max-width:1000px) {
  .c8 div:first-child {
    font-size: 19px;
  }

  .c8 a:nth-child(2) {
    font-size: 40px;
  }
}

@media screen and (max-width:1000px) {
  .c9 div:first-child {
    font-size: 19px;
  }

  .c9 a:nth-child(2) {
    font-size: 40px;
  }
}

<div
  class="c0"
>
  <img
    alt="DevOps"
    class="background"
    height="650"
    src="devops.svg"
    width="650"
  />
  <div
    class="c1"
  >
    <div
      class="MuiGrid-root MuiGrid-container css-1xzqqmo-MuiGrid-root"
    >
      <div
        class="MuiGrid-root MuiGrid-item css-13i4rnv-MuiGrid-root"
      >
        <a
          class="MuiTypography-root MuiTypography-inherit MuiLink-root MuiLink-underlineAlways css-1yxot5x-MuiTypography-root-MuiLink-root"
        >
          <svg
            aria-hidden="true"
            class="MuiSvgIcon-root MuiSvgIcon-fontSizeMedium css-i4bv87-MuiSvgIcon-root"
            data-testid="NavigateBeforeIcon"
            focusable="false"
            viewBox="0 0 24 24"
          >
            <path
              d="M15.41 7.41 14 6l-6 6 6 6 1.41-1.41L10.83 12z"
            />
          </svg>
          Back to 
          DevOps
          <img
            alt="DevOps"
            height="24"
            src="devops.svg"
            width="24"
          />
        </a>
      </div>
      <div
        class="MuiGrid-root MuiGrid-item css-13i4rnv-MuiGrid-root"
      >
        <div
          class="c2"
        >
          <a
            class="c3"
            href="/projects/devops/github"
          >
            View Projects
          </a>
        </div>
      </div>
    </div>
    <div
      class="content-head"
    >
      <div
        class="MuiBox-root css-70qvj9"
      >
        <div
          class="c4 title-GitHub"
        >
          GitHub
        </div>
        <a
          href="https://docs.github.com/en"
          rel="noreferrer"
          target="_blank"
        >
          <svg
            class="icon"
            viewBox="0 0 80 80"
          >
            <circle
              cx="40"
              cy="40"
              fill="white"
              r="40"
            />
            <image
              height="50"
              href="https://raw.githubusercontent.com/capcodigital/presentation-logos/master/tech-radar/devops/github_square.png"
              width="50"
              x="15"
              y="15"
            />
          </svg>
        </a>
      </div>
    </div>
    <div
      class="c5"
    >
      <div
        class="content-intro"
      >
        GitHub is a cloud-based hosting service that lets you manage Git repositories, Github is ubiquitously used in open source sofrware teams and very prominent within Enterprise, Github provided web based features, team manament and other capbilties on top of Git.
      </div>
      <div
        class="c6"
      />
      <hr
        class="c7"
      />
      <div
        class="c8"
        data-test-id="Previous"
      >
        <div>
          Previous
        </div>
        <a
          href="/technology/data-engineering/liquibase"
        >
          Liquibase
        </a>
      </div>
      <div
        class="c9"
        data-test-id="Next"
      >
        <div>
          Next
        </div>
        <a
          href="/technology/devops/circleci"
        >
          CircleCI
        </a>
      </div>
    </div>
  </div>
</div>
`;
