// Jest Snapshot v1, https://goo.gl/fbAQLP

exports[`ContentPage should render ContentPage component 1`] = `
<div
  class="styles__Wrapper-sc-17b28va-0 eMGyw"
>
  <img
    alt="DevOps"
    class="background"
    height="650"
    src="devops.svg"
    width="650"
  />
  <div
    class="styles__ContentWrapper-sc-17b28va-1 cKzHYA"
  >
    <a
      class="styles__StyledBackLink-sc-1t7dby2-0 cAfEuZ"
      href="/category/devops"
    >
      <svg
        aria-hidden="true"
        class="MuiSvgIcon-root"
        focusable="false"
        viewBox="0 0 24 24"
      >
        <path
          d="M15.41 7.41L14 6l-6 6 6 6 1.41-1.41L10.83 12z"
        />
      </svg>
      Back to 
      DevOps
      <img
        alt="DevOps"
        height="24"
        src="devops.svg"
        width="24"
      />
    </a>
    <div
      class="content-head"
    >
      <div>
        <div
          class="styles__Title-sc-17b28va-3 kKhnmO title-GitHub"
        >
          GitHub
        </div>
        <a
          href="https://docs.github.com/en"
          rel="noreferrer"
          target="_blank"
        >
          <svg
            class="icon"
            viewBox="0 0 80 80"
          >
            <circle
              cx="40"
              cy="40"
              fill="white"
              r="40"
            />
            <image
              height="50"
              href="https://img.icons8.com/fluent/452/github.png"
              width="50"
              x="15"
              y="15"
            />
          </svg>
        </a>
      </div>
      <a
        class="styles__StyledLink-sc-rz9yta-0 gshMkH"
        href="/demo/devops/github"
      >
        View Projects
      </a>
    </div>
    <div
      class="styles__ContentBody-sc-17b28va-2 lmMEmR"
    >
      <div
        class="content-intro"
      >
        Content coming soon.
      </div>
      <hr
        class="styles__Divider-sc-17b28va-4 dXhftT"
      />
      <div
        class="ContentNavButton__StyledContentNavButton-sc-17243nr-0 iBCBoj"
        data-test-id="Previous"
      >
        <div>
          Previous
        </div>
        <a
          href="/technology/mobile/gradle-mobile"
        >
          Gradle Mobile
        </a>
      </div>
      <div
        class="ContentNavButton__StyledContentNavButton-sc-17243nr-0 dIoxgc"
        data-test-id="Next"
      >
        <div>
          Next
        </div>
        <a
          href="/technology/devops/circleci"
        >
          CircleCI
        </a>
      </div>
    </div>
  </div>
</div>
`;
