// Jest Snapshot v1, https://goo.gl/fbAQLP

exports[`ContentPage should render ContentPage component 1`] = `
<div
  class="ContentPage__Wrapper-sc-zuv8bi-0 hZfqAt"
>
  <img
    alt="DevOps"
    class="background"
    height="650"
    src="devops.svg"
    width="650"
  />
  <div
    class="ContentPage__ContentWrapper-sc-zuv8bi-1 dkxkJJ"
  >
    <div>
      <a
        class="styles__StyledBackLink-sc-1t7dby2-0 cAfEuZ"
        href="/category/devops"
      >
        <svg
          aria-hidden="true"
          class="MuiSvgIcon-root"
          focusable="false"
          viewBox="0 0 24 24"
        >
          <path
            d="M15.41 7.41L14 6l-6 6 6 6 1.41-1.41L10.83 12z"
          />
        </svg>
        Back to 
        DevOps
        <img
          alt="DevOps"
          height="24"
          src="devops.svg"
          width="24"
        />
      </a>
      <div
        class="ContentPage__Title-sc-zuv8bi-3 gjkCHX title-GitHub"
      >
        GitHub
      </div>
      <a
        href="https://docs.github.com/en"
        rel="noreferrer"
        target="_blank"
      >
        <svg
          class="icon"
          viewBox="0 0 80 80"
        >
          <circle
            cx="40"
            cy="40"
            fill="white"
            r="40"
          />
          <image
            height="50"
            href="https://img.icons8.com/fluent/452/github.png"
            width="50"
            x="15"
            y="15"
          />
        </svg>
      </a>
      <div
        class="ContentPage__ContentBody-sc-zuv8bi-2 dsWGCM"
      >
        <div
          class="content-intro"
        >
          Content coming soon.
        </div>
        <div
          class="styles__Title-sc-pzbvc3-1 tDODF"
        >
          Demo client projects
        </div>
        <a
          class="styles__StyledLink-sc-pzbvc3-0 kJTxEr"
          href="/demo/devops/github"
        >
          View client projects using 
          GitHub
          <svg
            aria-hidden="true"
            class="MuiSvgIcon-root"
            focusable="false"
            viewBox="0 0 24 24"
          >
            <path
              d="M10 6L8.59 7.41 13.17 12l-4.58 4.59L10 18l6-6z"
            />
          </svg>
        </a>
        <hr
          class="ContentPage__Divider-sc-zuv8bi-4 dncRES"
        />
        <div
          class="ContentNavButton__StyledContentNavButton-sc-17243nr-0 iBCBoj"
          data-test-id="Previous"
        >
          <div>
            Previous
          </div>
          <a
            href="/technology/mobile/gradle-mobile"
          >
            Gradle Mobile
          </a>
        </div>
        <div
          class="ContentNavButton__StyledContentNavButton-sc-17243nr-0 dIoxgc"
          data-test-id="Next"
        >
          <div>
            Next
          </div>
          <a
            href="/technology/devops/circleci"
          >
            CircleCI
          </a>
        </div>
      </div>
    </div>
  </div>
</div>
`;
