// Jest Snapshot v1, https://goo.gl/fbAQLP

exports[`CategoryListItem should render CategoryListItem component 1`] = `
<div
  class="styles__StyledListItem-sc-19ijf8-0 hymvPL"
>
  <a
    data-test-id="category-item-GitHub"
    href="/technology/devops/github"
    style="pointer-events: none;"
  >
    GitHub
  </a>
</div>
`;
