// Jest Snapshot v1, https://goo.gl/fbAQLP

exports[`BreadCrumb should render StyledButton component 1`] = `
<nav
  aria-label="breadcrumb"
  class="MuiTypography-root MuiTypography-body1 MuiBreadcrumbs-root css-63vwl1-MuiTypography-root-MuiBreadcrumbs-root"
  style="margin: 25px 0px 0px 90px; color: rgb(255, 255, 255); font-size: 12px; cursor: pointer;"
>
  <ol
    class="MuiBreadcrumbs-ol css-4pdmu4-MuiBreadcrumbs-ol"
  >
    <li
      class="MuiBreadcrumbs-li"
    >
      <p
        class="MuiTypography-root MuiTypography-body1 css-ahj2mt-MuiTypography-root"
        style="color: grey; font-size: 12px;"
      />
    </li>
  </ol>
</nav>
`;
